{
  "annotations": {
    "destructiveHint": true,
    "title": "Delete file"
  },
  "description": "Delete a file from this repository.",
  "inputSchema": {
    "properties": {
      "branch": {
        "description": "Branch to delete the file from",
        "type": "string"
      },
      "message": {
        "description": "Commit message",
        "type": "string"
      },
      "path": {
        "description": "Path to the file to delete",
        "type": "string"
      }
    },
    "required": [
      "path",
      "message",
      "branch"
    ],
    "type": "object"
  },
  "name": "delete_file"
}