{
  "annotations": {
    "title": "Add reply to pull request comment"
  },
  "description": "Reply to an existing review comment on pull request octocat/hello-world#42.",
  "inputSchema": {
    "properties": {
      "body": {
        "description": "The text of the reply",
        "type": "string"
      },
      "commentId": {
        "description": "The ID of the comment to reply to",
        "type": "number"
      }
    },
    "required": [
      "commentId",
      "body"
    ],
    "type": "object"
  },
  "name": "add_reply_to_pull_request_comment"
}