{
  "annotations": {
    "title": "Update pull request branch"
  },
  "description": "Update this pull request's branch with the latest changes from its base branch.",
  "inputSchema": {
    "properties": {
      "expectedHeadSha": {
        "description": "The expected SHA of the pull request's HEAD ref",
        "type": "string"
      }
    },
    "type": "object"
  },
  "name": "update_pull_request_branch"
}