{
  "annotations": {
    "destructiveHint": true,
    "idempotentHint": false,
    "readOnlyHint": false,
    "title": "Trigger GitHub Actions workflow actions"
  },
  "description": "Trigger GitHub Actions workflow operations, including running, re-running, cancelling workflow runs, and deleting workflow run logs.",
  "icons": [
    {
      "mimeType": "image/png",
      "src": "data:image/png;base64,iVBORw0KGgoAAAANSUhEUgAAABgAAAAYCAYAAADgdz34AAAABmJLR0QA/wD/AP+gvaeTAAABqUlEQVRIie2UMUtbURTHf+fmqdQKBR21k8+SF9AXDHTRyaWBbqWddLZCyWcwawc7ONUhW2YHBeNX6BSDxEB57ZJJkICgAZPHOx0iVfC+0hvJIHiWyz3nf87vcvnfCyMOAVgI8u8V3QNmU3Q9VA6IrzaiKLpxAXgAqvodoQNUbSKFVyK6xdjkMVBxBiDMIVKJzk7KaUI/CLcQ89plOIBxbXgGPF1ATxKdThNls9kZAJLE6Q3AnU0PFUp+EJZsoniw9E0mczQcoHe9zvjLI5Q3t8BVlBXg62DLlRhz+LNZb7gCxJb0c/kyqttRq2GvB0vLKqyJSsY+Vi/od6tRFN14rifyg6VlkB+i/KNXwJsqAp+cASjvELwJE880m82OTbKQDXdV9DOk2FSVPkChUBh7UDRmAiBtOIAa6QDj6QCoA1xexyUrxCGsV/S7dVKbD8J9EXYuu/GOH4T36Pp4AKC/Wo2P87nFoiTyFpEXfyt3Fn4UYAA5O60BtftJP5cvg/43YOR/0RA2Tdog+EH4DTi3a/QD0B4O0O9W8aaKiH7h1oqWaKvRTefZw8QfOA2GtnSwHcIAAAAASUVORK5CYII=",
      "theme": "light"
    },
    {
      "mimeType": "image/png",
      "src": "data:image/png;base64,iVBORw0KGgoAAAANSUhEUgAAABgAAAAYCAYAAADgdz34AAAABmJLR0QA/wD/AP+gvaeTAAABLElEQVRIie2Wr04DQRjEf8O/C4qEvgOWBIEpCkMTEgQBhUVgeAbOYjDoOhygSHgHFOEVKIaEFIO5IgbBXlJxu2WvKQkJY+7PNzszm/2+y8FvwPau7RfHUdm+tl3kaisYDIB34D7CWwFOgGNJ/TY7sO1yWk4T5rLT/Bv8WYMRsBoj2e6E26qVi+2bxJDVGNlez9WuB60AjoC18H4L6ALn4fkDuJP01MqgYUclcCYpVt8AtoH5iO4bcCWpWshNFMQfgElre8Bhmy7aCeIdRQBcAnsQb9PPkHaxoVYASBomQgyBpZTBY7ieRkymg23Zvk317IT1Zc1pPChJtn3A90FtAstj5bqFZ4PxdD/hzPxblD0HwADA9gXwGuHs17xs2C7CD0CV6IFn271WBrn4Aj4U/yN7l7QYAAAAAElFTkSuQmCC",
      "theme": "dark"
    }
  ],
  "inputSchema": {
    "properties": {
      "inputs": {
        "description": "Inputs the workflow accepts. Only used for 'run_workflow' method.",
        "properties": {},
        "type": "object"
      },
      "method": {
        "description": "The method to execute Supported values: run_workflow, rerun_workflow_run, rerun_failed_jobs, cancel_workflow_run, delete_workflow_run_logs.",
        "type": "string"
      },
      "owner": {
        "description": "Repository owner",
        "type": "string",
        "x-mcp-header": "owner"
      },
      "ref": {
        "description": "The git reference for the workflow. The reference can be a branch or tag name. Required for 'run_workflow' method.",
        "type": "string"
      },
      "repo": {
        "description": "Repository name",
        "type": "string",
        "x-mcp-header": "repo"
      },
      "run_id": {
        "description": "The ID of the workflow run. Required for all methods except 'run_workflow'.",
        "type": "number"
      },
      "workflow_id": {
        "description": "The workflow ID (numeric) or workflow file name (e.g., main.yml, ci.yaml). Required for 'run_workflow' method.",
        "type": "string"
      }
    },
    "required": [
      "method",
      "owner",
      "repo"
    ],
    "type": "object"
  },
  "name": "actions_run_trigger",
  "outputSchema": {
    "oneOf": [
      {
        "type": "null"
      },
      {
        "additionalProperties": false,
        "properties": {
          "inputs": {
            "additionalProperties": true,
            "type": [
              "object",
              "null"
            ]
          },
          "message": {
            "type": "string"
          },
          "ref": {
            "type": "string"
          },
          "status": {
            "type": "string"
          },
          "status_code": {
            "type": "integer"
          },
          "workflow_id": {
            "type": "string"
          },
          "workflow_type": {
            "type": "string"
          }
        },
        "required": [
          "inputs",
          "message",
          "ref",
          "status",
          "status_code",
          "workflow_id",
          "workflow_type"
        ],
        "type": "object"
      },
      {
        "additionalProperties": false,
        "properties": {
          "message": {
            "type": "string"
          },
          "run_id": {
            "type": "integer"
          },
          "status": {
            "type": "string"
          },
          "status_code": {
            "type": "integer"
          }
        },
        "required": [
          "message",
          "run_id",
          "status",
          "status_code"
        ],
        "type": "object"
      }
    ]
  }
}