{
  "annotations": {
    "idempotentHint": false,
    "readOnlyHint": true,
    "title": "Get details of GitHub Actions resources (workflows, workflow runs, jobs, and artifacts)"
  },
  "description": "Get details about specific GitHub Actions resources.\nUse this tool to get details about individual workflows, workflow runs, jobs, and artifacts by their unique IDs.\n",
  "icons": [
    {
      "mimeType": "image/png",
      "src": "data:image/png;base64,iVBORw0KGgoAAAANSUhEUgAAABgAAAAYCAYAAADgdz34AAAABmJLR0QA/wD/AP+gvaeTAAABqUlEQVRIie2UMUtbURTHf+fmqdQKBR21k8+SF9AXDHTRyaWBbqWddLZCyWcwawc7ONUhW2YHBeNX6BSDxEB57ZJJkICgAZPHOx0iVfC+0hvJIHiWyz3nf87vcvnfCyMOAVgI8u8V3QNmU3Q9VA6IrzaiKLpxAXgAqvodoQNUbSKFVyK6xdjkMVBxBiDMIVKJzk7KaUI/CLcQ89plOIBxbXgGPF1ATxKdThNls9kZAJLE6Q3AnU0PFUp+EJZsoniw9E0mczQcoHe9zvjLI5Q3t8BVlBXg62DLlRhz+LNZb7gCxJb0c/kyqttRq2GvB0vLKqyJSsY+Vi/od6tRFN14rifyg6VlkB+i/KNXwJsqAp+cASjvELwJE880m82OTbKQDXdV9DOk2FSVPkChUBh7UDRmAiBtOIAa6QDj6QCoA1xexyUrxCGsV/S7dVKbD8J9EXYuu/GOH4T36Pp4AKC/Wo2P87nFoiTyFpEXfyt3Fn4UYAA5O60BtftJP5cvg/43YOR/0RA2Tdog+EH4DTi3a/QD0B4O0O9W8aaKiH7h1oqWaKvRTefZw8QfOA2GtnSwHcIAAAAASUVORK5CYII=",
      "theme": "light"
    },
    {
      "mimeType": "image/png",
      "src": "data:image/png;base64,iVBORw0KGgoAAAANSUhEUgAAABgAAAAYCAYAAADgdz34AAAABmJLR0QA/wD/AP+gvaeTAAABLElEQVRIie2Wr04DQRjEf8O/C4qEvgOWBIEpCkMTEgQBhUVgeAbOYjDoOhygSHgHFOEVKIaEFIO5IgbBXlJxu2WvKQkJY+7PNzszm/2+y8FvwPau7RfHUdm+tl3kaisYDIB34D7CWwFOgGNJ/TY7sO1yWk4T5rLT/Bv8WYMRsBoj2e6E26qVi+2bxJDVGNlez9WuB60AjoC18H4L6ALn4fkDuJP01MqgYUclcCYpVt8AtoH5iO4bcCWpWshNFMQfgElre8Bhmy7aCeIdRQBcAnsQb9PPkHaxoVYASBomQgyBpZTBY7ieRkymg23Zvk317IT1Zc1pPChJtn3A90FtAstj5bqFZ4PxdD/hzPxblD0HwADA9gXwGuHs17xs2C7CD0CV6IFn271WBrn4Aj4U/yN7l7QYAAAAAElFTkSuQmCC",
      "theme": "dark"
    }
  ],
  "inputSchema": {
    "properties": {
      "method": {
        "description": "The method to execute Supported values: get_workflow, get_workflow_run, get_workflow_job, download_workflow_run_artifact, get_workflow_run_usage, get_workflow_run_logs_url.",
        "type": "string"
      },
      "owner": {
        "description": "Repository owner",
        "type": "string",
        "x-mcp-header": "owner"
      },
      "repo": {
        "description": "Repository name",
        "type": "string",
        "x-mcp-header": "repo"
      },
      "resource_id": {
        "description": "The unique identifier of the resource. This will vary based on the \"method\" provided, so ensure you provide the correct ID:\n- Provide a workflow ID or workflow file name (e.g. ci.yaml) for 'get_workflow' method.\n- Provide a workflow run ID for 'get_workflow_run', 'get_workflow_run_usage', and 'get_workflow_run_logs_url' methods.\n- Provide an artifact ID for 'download_workflow_run_artifact' method.\n- Provide a job ID for 'get_workflow_job' method.\n",
        "type": "string"
      }
    },
    "required": [
      "method",
      "owner",
      "repo",
      "resource_id"
    ],
    "type": "object"
  },
  "name": "actions_get",
  "outputSchema": {
    "anyOf": [
      {
        "type": "null"
      },
      {
        "additionalProperties": false,
        "properties": {
          "badge_url": {
            "type": [
              "null",
              "string"
            ]
          },
          "created_at": {
            "format": "date-time",
            "type": [
              "null",
              "string"
            ]
          },
          "html_url": {
            "type": [
              "null",
              "string"
            ]
          },
          "id": {
            "type": [
              "null",
              "integer"
            ]
          },
          "name": {
            "type": [
              "null",
              "string"
            ]
          },
          "node_id": {
            "type": [
              "null",
              "string"
            ]
          },
          "path": {
            "type": [
              "null",
              "string"
            ]
          },
          "state": {
            "type": [
              "null",
              "string"
            ]
          },
          "updated_at": {
            "format": "date-time",
            "type": [
              "null",
              "string"
            ]
          },
          "url": {
            "type": [
              "null",
              "string"
            ]
          }
        },
        "type": "object"
      },
      {
        "additionalProperties": false,
        "properties": {
          "actor": {
            "additionalProperties": false,
            "properties": {
              "avatar_url": {
                "type": "string"
              },
              "details": {
                "additionalProperties": false,
                "properties": {
                  "bio": {
                    "type": "string"
                  },
                  "blog": {
                    "type": "string"
                  },
                  "company": {
                    "type": "string"
                  },
                  "created_at": {
                    "type": "string"
                  },
                  "email": {
                    "type": "string"
                  },
                  "followers": {
                    "type": "integer"
                  },
                  "following": {
                    "type": "integer"
                  },
                  "hireable": {
                    "type": "boolean"
                  },
                  "location": {
                    "type": "string"
                  },
                  "name": {
                    "type": "string"
                  },
                  "owned_private_repos": {
                    "type": "integer"
                  },
                  "private_gists": {
                    "type": "integer"
                  },
                  "public_gists": {
                    "type": "integer"
                  },
                  "public_repos": {
                    "type": "integer"
                  },
                  "total_private_repos": {
                    "type": "integer"
                  },
                  "twitter_username": {
                    "type": "string"
                  },
                  "updated_at": {
                    "type": "string"
                  }
                },
                "required": [
                  "public_repos",
                  "public_gists",
                  "followers",
                  "following",
                  "created_at",
                  "updated_at"
                ],
                "type": [
                  "null",
                  "object"
                ]
              },
              "id": {
                "type": "integer"
              },
              "login": {
                "type": "string"
              },
              "profile_url": {
                "type": "string"
              }
            },
            "required": [
              "login"
            ],
            "type": [
              "null",
              "object"
            ]
          },
          "conclusion": {
            "type": "string"
          },
          "created_at": {
            "type": "string"
          },
          "display_title": {
            "type": "string"
          },
          "event": {
            "type": "string"
          },
          "head_branch": {
            "type": "string"
          },
          "head_commit": {
            "additionalProperties": false,
            "properties": {
              "message": {
                "type": "string"
              }
            },
            "required": [
              "message"
            ],
            "type": [
              "null",
              "object"
            ]
          },
          "head_sha": {
            "type": "string"
          },
          "html_url": {
            "type": "string"
          },
          "id": {
            "type": "integer"
          },
          "name": {
            "type": "string"
          },
          "path": {
            "type": "string"
          },
          "pull_requests": {
            "items": {
              "type": "integer"
            },
            "type": [
              "null",
              "array"
            ]
          },
          "referenced_workflows": {
            "items": {
              "additionalProperties": false,
              "properties": {
                "path": {
                  "type": "string"
                },
                "ref": {
                  "type": "string"
                },
                "sha": {
                  "type": "string"
                }
              },
              "type": "object"
            },
            "type": [
              "null",
              "array"
            ]
          },
          "run_attempt": {
            "type": "integer"
          },
          "run_number": {
            "type": "integer"
          },
          "run_started_at": {
            "type": "string"
          },
          "status": {
            "type": "string"
          },
          "triggering_actor": {
            "additionalProperties": false,
            "properties": {
              "avatar_url": {
                "type": "string"
              },
              "details": {
                "additionalProperties": false,
                "properties": {
                  "bio": {
                    "type": "string"
                  },
                  "blog": {
                    "type": "string"
                  },
                  "company": {
                    "type": "string"
                  },
                  "created_at": {
                    "type": "string"
                  },
                  "email": {
                    "type": "string"
                  },
                  "followers": {
                    "type": "integer"
                  },
                  "following": {
                    "type": "integer"
                  },
                  "hireable": {
                    "type": "boolean"
                  },
                  "location": {
                    "type": "string"
                  },
                  "name": {
                    "type": "string"
                  },
                  "owned_private_repos": {
                    "type": "integer"
                  },
                  "private_gists": {
                    "type": "integer"
                  },
                  "public_gists": {
                    "type": "integer"
                  },
                  "public_repos": {
                    "type": "integer"
                  },
                  "total_private_repos": {
                    "type": "integer"
                  },
                  "twitter_username": {
                    "type": "string"
                  },
                  "updated_at": {
                    "type": "string"
                  }
                },
                "required": [
                  "public_repos",
                  "public_gists",
                  "followers",
                  "following",
                  "created_at",
                  "updated_at"
                ],
                "type": [
                  "null",
                  "object"
                ]
              },
              "id": {
                "type": "integer"
              },
              "login": {
                "type": "string"
              },
              "profile_url": {
                "type": "string"
              }
            },
            "required": [
              "login"
            ],
            "type": [
              "null",
              "object"
            ]
          },
          "updated_at": {
            "type": "string"
          },
          "workflow_id": {
            "type": "integer"
          }
        },
        "required": [
          "id",
          "name",
          "workflow_id",
          "run_number",
          "run_attempt",
          "status"
        ],
        "type": "object"
      },
      {
        "additionalProperties": false,
        "properties": {
          "check_run_url": {
            "type": [
              "null",
              "string"
            ]
          },
          "completed_at": {
            "format": "date-time",
            "type": [
              "null",
              "string"
            ]
          },
          "conclusion": {
            "type": [
              "null",
              "string"
            ]
          },
          "created_at": {
            "format": "date-time",
            "type": [
              "null",
              "string"
            ]
          },
          "head_branch": {
            "type": [
              "null",
              "string"
            ]
          },
          "head_sha": {
            "type": [
              "null",
              "string"
            ]
          },
          "html_url": {
            "type": [
              "null",
              "string"
            ]
          },
          "id": {
            "type": [
              "null",
              "integer"
            ]
          },
          "labels": {
            "items": {
              "type": "string"
            },
            "type": [
              "null",
              "array"
            ]
          },
          "name": {
            "type": [
              "null",
              "string"
            ]
          },
          "node_id": {
            "type": [
              "null",
              "string"
            ]
          },
          "run_attempt": {
            "type": [
              "null",
              "integer"
            ]
          },
          "run_id": {
            "type": [
              "null",
              "integer"
            ]
          },
          "run_url": {
            "type": [
              "null",
              "string"
            ]
          },
          "runner_group_id": {
            "type": [
              "null",
              "integer"
            ]
          },
          "runner_group_name": {
            "type": [
              "null",
              "string"
            ]
          },
          "runner_id": {
            "type": [
              "null",
              "integer"
            ]
          },
          "runner_name": {
            "type": [
              "null",
              "string"
            ]
          },
          "started_at": {
            "format": "date-time",
            "type": [
              "null",
              "string"
            ]
          },
          "status": {
            "type": [
              "null",
              "string"
            ]
          },
          "steps": {
            "items": {
              "additionalProperties": false,
              "properties": {
                "completed_at": {
                  "format": "date-time",
                  "type": [
                    "null",
                    "string"
                  ]
                },
                "conclusion": {
                  "type": [
                    "null",
                    "string"
                  ]
                },
                "name": {
                  "type": [
                    "null",
                    "string"
                  ]
                },
                "number": {
                  "type": [
                    "null",
                    "integer"
                  ]
                },
                "started_at": {
                  "format": "date-time",
                  "type": [
                    "null",
                    "string"
                  ]
                },
                "status": {
                  "type": [
                    "null",
                    "string"
                  ]
                }
              },
              "type": [
                "null",
                "object"
              ]
            },
            "type": [
              "null",
              "array"
            ]
          },
          "url": {
            "type": [
              "null",
              "string"
            ]
          },
          "workflow_name": {
            "type": [
              "null",
              "string"
            ]
          }
        },
        "type": "object"
      },
      {
        "additionalProperties": false,
        "properties": {
          "billable": {
            "additionalProperties": {
              "additionalProperties": false,
              "properties": {
                "job_runs": {
                  "items": {
                    "additionalProperties": false,
                    "properties": {
                      "duration_ms": {
                        "type": [
                          "null",
                          "integer"
                        ]
                      },
                      "job_id": {
                        "type": [
                          "null",
                          "integer"
                        ]
                      }
                    },
                    "type": [
                      "null",
                      "object"
                    ]
                  },
                  "type": [
                    "null",
                    "array"
                  ]
                },
                "jobs": {
                  "type": [
                    "null",
                    "integer"
                  ]
                },
                "total_ms": {
                  "type": [
                    "null",
                    "integer"
                  ]
                }
              },
              "type": [
                "null",
                "object"
              ]
            },
            "type": [
              "null",
              "object"
            ]
          },
          "run_duration_ms": {
            "type": [
              "null",
              "integer"
            ]
          }
        },
        "type": "object"
      },
      {
        "additionalProperties": false,
        "properties": {
          "artifact_id": {
            "type": "integer"
          },
          "download_url": {
            "type": "string"
          },
          "message": {
            "type": "string"
          },
          "note": {
            "type": "string"
          }
        },
        "required": [
          "artifact_id",
          "download_url",
          "message",
          "note"
        ],
        "type": "object"
      },
      {
        "additionalProperties": false,
        "properties": {
          "logs_url": {
            "type": "string"
          },
          "message": {
            "type": "string"
          },
          "note": {
            "type": "string"
          },
          "optimization_tip": {
            "type": "string"
          },
          "warning": {
            "type": "string"
          }
        },
        "required": [
          "logs_url",
          "message",
          "note",
          "optimization_tip",
          "warning"
        ],
        "type": "object"
      }
    ]
  }
}