{
  "annotations": {
    "destructiveHint": false,
    "idempotentHint": false,
    "openWorldHint": true,
    "readOnlyHint": false,
    "title": "Add Pull Request Comment"
  },
  "description": "Add a conversation comment to a pull request. This does not create a review comment on a specific line; use add_pull_request_review_comment for that.",
  "inputSchema": {
    "properties": {
      "body": {
        "description": "Comment content",
        "minLength": 1,
        "type": "string"
      },
      "owner": {
        "description": "Repository owner (username or organization)",
        "type": "string"
      },
      "pullNumber": {
        "description": "The pull request number",
        "minimum": 1,
        "type": "number"
      },
      "repo": {
        "description": "Repository name",
        "type": "string"
      }
    },
    "required": [
      "owner",
      "repo",
      "pullNumber",
      "body"
    ],
    "type": "object"
  },
  "name": "add_pull_request_comment"
}