{
  "annotations": {
    "title": "Add discussion comment"
  },
  "description": "Add a comment to a discussion",
  "inputSchema": {
    "properties": {
      "body": {
        "description": "Comment content",
        "type": "string"
      },
      "discussionNumber": {
        "description": "Discussion Number",
        "type": "number"
      },
      "owner": {
        "description": "Repository owner",
        "type": "string"
      },
      "replyToCommentNodeID": {
        "description": "The Node ID of the comment to reply to. If provided, the comment will be posted as a reply.",
        "type": "string"
      },
      "repo": {
        "description": "Repository name",
        "type": "string"
      }
    },
    "required": [
      "owner",
      "repo",
      "discussionNumber",
      "body"
    ],
    "type": "object"
  },
  "name": "add_discussion_comment"
}