{
  "annotations": {
    "idempotentHint": true,
    "title": "Assign Copilot to issue"
  },
  "description": "Assign Copilot to a specific issue in a GitHub repository.\n\nThis tool can help with the following outcomes:\n- a Pull Request created with source code changes to resolve the issue\n\n\nMore information can be found at:\n- https://docs.github.com/en/copilot/using-github-copilot/using-copilot-coding-agent-to-work-on-tasks/about-assigning-tasks-to-copilot\n",
  "inputSchema": {
    "type": "object",
    "required": [
      "owner",
      "repo",
      "issueNumber"
    ],
    "properties": {
      "issueNumber": {
        "type": "number",
        "description": "Issue number"
      },
      "owner": {
        "type": "string",
        "description": "Repository owner"
      },
      "repo": {
        "type": "string",
        "description": "Repository name"
      }
    }
  },
  "name": "assign_copilot_to_issue",
  "icons": [
    {
      "src": "data:image/png;base64,iVBORw0KGgoAAAANSUhEUgAAABAAAAAQCAYAAAAf8/9hAAAABmJLR0QA/wD/AP+gvaeTAAABTUlEQVQ4ja3TP2tUURAF8N8+JEtA1CKCuCAGtFJIrLZJmbBgUkax8RMICmIv5Cuo/VpoodhJshYpDClSSUIaWVdRBBX7YCKua/Hm4fDYCEIOPM78OXPv3Ln3cYRo4RHeYojPuIt7YQ8j9xBnq6JG8HHs4AzWMMAsOpHvRf4CruILZrBXLXQDIyykjpoR+x12hU7Er0MRwfPBG0lYJLuR7NfB01n0M/hEEi6l4sUUP5lrjoUzCH6BdeUsbmI34l3M41twrnEKr+Jcn4K/45nyZlp4HrERPgb3qm4e+zus+nnrqHKj+LpwUFsArmEr+VtYTn61wH6BiTE7XUI7+W1cHqNrFtIwEj7gXfIHeD9G16d8XdvR0hPlCzwMV/A0tG8wXQ1lEiu4FXYfm8p/AM5hDhfxAw9wH/v1HU7jDlaVdz7EL3zFS9zG1D86/H/8AaLBT77Nh5ITAAAAAElFTkSuQmCC",
      "mimeType": "image/png",
      "sizes": [
        "16x16"
      ],
      "theme": "light"
    },
    {
      "src": "data:image/png;base64,iVBORw0KGgoAAAANSUhEUgAAABAAAAAQCAQAAAC1+jfqAAAAIGNIUk0AAHomAACAhAAA+gAAAIDoAAB1MAAA6mAAADqYAAAXcJy6UTwAAAACYktHRAD/h4/MvwAAAAd0SU1FB+kMDxY4IrpYP2AAAAEbSURBVCjPhZG/K4QBGMc/75tcV8JAXa7k6kwUJovxpDAii79AUbIr/wL2MzCQTZzBQIabRBadl+iKyy4/cj6GO29n4Xmm5/P9Pj1PzxPI3xECkGaDa6qUWWKZMlWuWacLIBBauCTFIRGDjAEFLskyziMDvCDOqqMiJtQvEyKOqTMSAj3AacPAAIATIFNDH0ArAJNAwAQAbTWlCYiAPY5JMccVkCdHhVxdsd0j9UF9dse0aXd9Vu/Vgm24qX6JgTRkIKrm8b1uwGmLIhadkrrhLaQ5PlofwwAM0x+zREgUF3fcABBxG7MSZr1Qtxz8tcOQ2+q5mUBIsso8SUqcUQa6GaGXV9ZY4e2no9NFD6xY9dMn912wo6YE/737G+cbs16mFGdfAAAAAElFTkSuQmCC",
      "mimeType": "image/png",
      "sizes": [
        "16x16"
      ],
      "theme": "dark"
    }
  ]
}