{
  "annotations": {
    "title": "Create repository",
    "readOnlyHint": false
  },
  "description": "Create a new GitHub repository in your account or specified organization",
  "inputSchema": {
    "properties": {
      "autoInit": {
        "description": "Initialize with README",
        "type": "boolean"
      },
      "description": {
        "description": "Repository description",
        "type": "string"
      },
      "name": {
        "description": "Repository name",
        "type": "string"
      },
      "organization": {
        "description": "Organization to create the repository in (omit to create in your personal account)",
        "type": "string"
      },
      "visibility": {
        "default": "private",
        "description": "Repository visibility. Can be 'private' or 'internal'. For enterprise accounts, 'internal' makes the repository visible to all enterprise members. Defaults to 'private'.",
        "enum": [
          "private",
          "internal"
        ],
        "type": "string"
      }
    },
    "required": [
      "name"
    ],
    "type": "object"
  },
  "name": "create_repository"
}