{
  "annotations": {
    "title": "Create project status update"
  },
  "description": "Create a status update for a GitHub project",
  "inputSchema": {
    "properties": {
      "body": {
        "description": "The body of the status update (markdown).",
        "type": "string"
      },
      "owner": {
        "description": "The owner (user or organization login). The name is not case sensitive.",
        "type": "string"
      },
      "owner_type": {
        "description": "Owner type",
        "enum": [
          "user",
          "org"
        ],
        "type": "string"
      },
      "project_number": {
        "description": "The project's number.",
        "type": "number"
      },
      "start_date": {
        "description": "The start date of the status update in YYYY-MM-DD format.",
        "type": "string"
      },
      "status": {
        "description": "The status of the project.",
        "enum": [
          "INACTIVE",
          "ON_TRACK",
          "AT_RISK",
          "OFF_TRACK",
          "COMPLETE"
        ],
        "type": "string"
      },
      "target_date": {
        "description": "The target date of the status update in YYYY-MM-DD format.",
        "type": "string"
      }
    },
    "required": [
      "owner",
      "owner_type",
      "project_number"
    ],
    "type": "object"
  },
  "name": "create_project_status_update"
}