{
  "annotations": {
    "idempotentHint": false,
    "readOnlyHint": false,
    "title": "Create or update file"
  },
  "description": "Create or update a single file in a GitHub repository. \nIf updating, you should provide the SHA of the file you want to update. Use this tool to create or update a file in a GitHub repository remotely; do not use it for local file operations.\n\nTo obtain the SHA of the current file version before updating, call the get_file_contents tool for the same path and ref; it reports the blob SHA of the file it returns.\n\nSHA MUST be provided for existing file updates.\n",
  "inputSchema": {
    "properties": {
      "allow_symlink_write": {
        "default": false,
        "description": "Set true to update a symbolic link itself; content must be its new target path.",
        "type": "boolean"
      },
      "branch": {
        "description": "Branch to create/update the file in",
        "type": "string"
      },
      "content": {
        "description": "Content of the file, exactly as it should appear once written. Do not base64-encode it; this server does that before calling the REST API.",
        "type": "string"
      },
      "message": {
        "description": "Commit message",
        "type": "string"
      },
      "owner": {
        "description": "Repository owner (username or organization)",
        "type": "string"
      },
      "path": {
        "description": "Path where to create/update the file",
        "type": "string"
      },
      "repo": {
        "description": "Repository name",
        "type": "string"
      },
      "sha": {
        "description": "The blob SHA of the file being replaced. Required if the file already exists.",
        "type": "string"
      }
    },
    "required": [
      "owner",
      "repo",
      "path",
      "content",
      "message",
      "branch"
    ],
    "type": "object"
  },
  "name": "create_or_update_file"
}