{
  "_meta": {
    "ui": {
      "resourceUri": "ui://github-mcp-server/pr-write",
      "visibility": [
        "model",
        "app"
      ]
    }
  },
  "annotations": {
    "title": "Open new pull request"
  },
  "description": "Create a new pull request in a GitHub repository.\n\nWhen show_ui is true, an interactive form is displayed for the user to fill in PR details. Use show_ui when:\n- Creating a new PR and you want user input on the details\n- The user hasn't specified all required fields (title, head, base, etc.)\n- Interactive feedback would be valuable (branch selection, reviewers, labels)\n\nWhen show_ui is false or omitted, the PR is created directly with the provided parameters.",
  "inputSchema": {
    "properties": {
      "base": {
        "description": "Branch to merge into",
        "type": "string"
      },
      "body": {
        "description": "PR description",
        "type": "string"
      },
      "draft": {
        "description": "Create as draft PR",
        "type": "boolean"
      },
      "head": {
        "description": "Branch containing changes",
        "type": "string"
      },
      "maintainer_can_modify": {
        "description": "Allow maintainer edits",
        "type": "boolean"
      },
      "owner": {
        "description": "Repository owner",
        "type": "string"
      },
      "repo": {
        "description": "Repository name",
        "type": "string"
      },
      "show_ui": {
        "description": "If true, show an interactive form for the user to fill in PR details. If false or omitted, create the PR directly with the provided parameters.",
        "type": "boolean"
      },
      "title": {
        "description": "PR title",
        "type": "string"
      }
    },
    "required": [
      "owner",
      "repo"
    ],
    "type": "object"
  },
  "name": "create_pull_request"
}