{
  "annotations": {
    "title": "Delete discussion comment"
  },
  "description": "Delete a comment on a discussion",
  "inputSchema": {
    "properties": {
      "commentNodeID": {
        "description": "The Node ID of the discussion comment to delete",
        "type": "string"
      }
    },
    "required": [
      "commentNodeID"
    ],
    "type": "object"
  },
  "name": "delete_discussion_comment"
}