{
  "annotations": {
    "destructiveHint": true,
    "idempotentHint": false,
    "readOnlyHint": false,
    "title": "Delete file"
  },
  "description": "Delete a file from a GitHub repository",
  "icons": [
    {
      "mimeType": "image/png",
      "src": "data:image/png;base64,iVBORw0KGgoAAAANSUhEUgAAABgAAAAYCAYAAADgdz34AAAABmJLR0QA/wD/AP+gvaeTAAABTklEQVRIie2UPUvDUBSGn5PW2qnYwUXExWhNpY2CUKT+BB10E3R0dnbrppuKLgouHbr5X5qlKRIFB+cuguBHj4O05KYfNsVJ+m7n3Hue54ZcrhDKQqGQTX1YVwg7QIbx0gh8b7VTJMMrqS+5RtgD7oDX2GhhC6UcbhkCVLZVuX1sesex4YCdX6uAGgIrsicjlrTGgQ9KVPDnmQgmgongPwgkXNiOq8ADMAtkx4UGvtflJvus20ANeIlN/vW5/kkt8L3D2HD6P9dRgSI8dQcc9w1IR3acBE3vbFSp8ZMVnoFSqJ/unZDe3pAYXyDIJarn9opbDZrewaAh2y7Oy5S1r6h5QG2Xxbw3piDw6xe244oKyxFmC5ihc+tS1qaqngKJyAEBGmZvSGzHVYT790T7aPozsaFoFZGboFGvDJsbOYuOuxuuc7n1uaV8sRSH8Q1DUVLnYLty3gAAAABJRU5ErkJggg==",
      "theme": "light"
    },
    {
      "mimeType": "image/png",
      "src": "data:image/png;base64,iVBORw0KGgoAAAANSUhEUgAAABgAAAAYCAYAAADgdz34AAAABmJLR0QA/wD/AP+gvaeTAAAA+ElEQVRIie2WLU5DQRRGzwUEirQCQ9BsoSGtZQHgSFgIsg4JXQCGP8V2QCBIEATZkJDgOJi+MJnMo30TFHmfmzvzfeeKyZ2BROpQvVHfrddDmhkZ4BY4Ai6BD7prAowjIoq7i85nFcGNf6qa1tayM1vAvBZQUg74c/WAHtAD/gMgn6YCT8A2MKwOTaZpCfAF3AGvFdlLx7XqdUVw4186rgWeE8Nn4cU67QLNAS/ASG3qmwVPqdaqjWw9A86BK+CkzaTuAseFBse/AiLiQg1gLzs3Bwb8XIp94AxYL/Af2xordap6v/htHKhv6nTlgBUAh9l6Rx11yfgG8ne/zwh2OysAAAAASUVORK5CYII=",
      "theme": "dark"
    }
  ],
  "inputSchema": {
    "properties": {
      "branch": {
        "description": "Branch to delete the file from",
        "type": "string"
      },
      "message": {
        "description": "Commit message",
        "type": "string"
      },
      "owner": {
        "description": "Repository owner (username or organization)",
        "type": "string",
        "x-mcp-header": "owner"
      },
      "path": {
        "description": "Path to the file to delete",
        "type": "string"
      },
      "repo": {
        "description": "Repository name",
        "type": "string",
        "x-mcp-header": "repo"
      }
    },
    "required": [
      "owner",
      "repo",
      "path",
      "message",
      "branch"
    ],
    "type": "object"
  },
  "name": "delete_file",
  "outputSchema": {
    "$defs": {
      "commit": {
        "additionalProperties": false,
        "properties": {
          "author": {
            "additionalProperties": false,
            "properties": {
              "date": {
                "format": "date-time",
                "type": [
                  "null",
                  "string"
                ]
              },
              "email": {
                "type": [
                  "null",
                  "string"
                ]
              },
              "name": {
                "type": [
                  "null",
                  "string"
                ]
              },
              "username": {
                "type": [
                  "null",
                  "string"
                ]
              }
            },
            "type": [
              "null",
              "object"
            ]
          },
          "comment_count": {
            "type": [
              "null",
              "integer"
            ]
          },
          "committer": {
            "additionalProperties": false,
            "properties": {
              "date": {
                "format": "date-time",
                "type": [
                  "null",
                  "string"
                ]
              },
              "email": {
                "type": [
                  "null",
                  "string"
                ]
              },
              "name": {
                "type": [
                  "null",
                  "string"
                ]
              },
              "username": {
                "type": [
                  "null",
                  "string"
                ]
              }
            },
            "type": [
              "null",
              "object"
            ]
          },
          "html_url": {
            "type": [
              "null",
              "string"
            ]
          },
          "message": {
            "type": [
              "null",
              "string"
            ]
          },
          "node_id": {
            "type": [
              "null",
              "string"
            ]
          },
          "parents": {
            "items": {
              "$ref": "#/$defs/commit",
              "type": [
                "null",
                "object"
              ]
            },
            "type": [
              "null",
              "array"
            ]
          },
          "sha": {
            "type": [
              "null",
              "string"
            ]
          },
          "tree": {
            "additionalProperties": false,
            "properties": {
              "sha": {
                "type": [
                  "null",
                  "string"
                ]
              },
              "tree": {
                "items": {
                  "additionalProperties": false,
                  "properties": {
                    "content": {
                      "type": [
                        "null",
                        "string"
                      ]
                    },
                    "mode": {
                      "type": [
                        "null",
                        "string"
                      ]
                    },
                    "path": {
                      "type": [
                        "null",
                        "string"
                      ]
                    },
                    "sha": {
                      "type": [
                        "null",
                        "string"
                      ]
                    },
                    "size": {
                      "type": [
                        "null",
                        "integer"
                      ]
                    },
                    "type": {
                      "type": [
                        "null",
                        "string"
                      ]
                    },
                    "url": {
                      "type": [
                        "null",
                        "string"
                      ]
                    }
                  },
                  "type": [
                    "null",
                    "object"
                  ]
                },
                "type": [
                  "null",
                  "array"
                ]
              },
              "truncated": {
                "type": [
                  "null",
                  "boolean"
                ]
              }
            },
            "type": [
              "null",
              "object"
            ]
          },
          "url": {
            "type": [
              "null",
              "string"
            ]
          },
          "verification": {
            "additionalProperties": false,
            "properties": {
              "payload": {
                "type": [
                  "null",
                  "string"
                ]
              },
              "reason": {
                "type": [
                  "null",
                  "string"
                ]
              },
              "signature": {
                "type": [
                  "null",
                  "string"
                ]
              },
              "verified": {
                "type": [
                  "null",
                  "boolean"
                ]
              }
            },
            "type": [
              "null",
              "object"
            ]
          }
        },
        "type": [
          "object",
          "null"
        ]
      }
    },
    "additionalProperties": false,
    "properties": {
      "commit": {
        "$ref": "#/$defs/commit",
        "type": [
          "null",
          "object"
        ]
      },
      "content": {
        "type": "null"
      }
    },
    "required": [
      "commit",
      "content"
    ],
    "type": [
      "null",
      "object"
    ]
  }
}