{
  "annotations": {
    "title": "Fork repository"
  },
  "description": "Fork a GitHub repository to your account or specified organization",
  "inputSchema": {
    "type": "object",
    "required": [
      "owner",
      "repo"
    ],
    "properties": {
      "organization": {
        "type": "string",
        "description": "Organization to fork to"
      },
      "owner": {
        "type": "string",
        "description": "Repository owner"
      },
      "repo": {
        "type": "string",
        "description": "Repository name"
      }
    }
  },
  "name": "fork_repository",
  "icons": [
    {
      "src": "data:image/png;base64,iVBORw0KGgoAAAANSUhEUgAAABAAAAAQCAYAAAAf8/9hAAAABmJLR0QA/wD/AP+gvaeTAAAA7UlEQVQ4ja3RwS5DURAG4K9leZdiResRBI/CgvAInqM79QDdS5q+g6WNWKAvQIhYaIhloxady3Gdi5v4k0nOmf+ff2bO4R+xhUs8o49WwrVxjJfQbOYMrnGLIWbYTridyA1Dc5U6l1jFGXpxX0m48twLTcp9oB9dZnhCN+HWMEn4o5xBG4MQdDJ8J7iB5H3SFd4wjnORMShz4zDKolsZtRqT6nQt39Ex/4Fl7EbuBI8Y4aauew6nEbVY/IErsGQ+eoHXJp0XcOFz93NfH/xXbEThYcQM6zlh3Qr3mGIv7lM8NJkADsLoDvtNi/+Md68dOylWb7mlAAAAAElFTkSuQmCC",
      "mimeType": "image/png",
      "sizes": [
        "16x16"
      ],
      "theme": "light"
    },
    {
      "src": "data:image/png;base64,iVBORw0KGgoAAAANSUhEUgAAABAAAAAQCAQAAAC1+jfqAAAAIGNIUk0AAHomAACAhAAA+gAAAIDoAAB1MAAA6mAAADqYAAAXcJy6UTwAAAACYktHRAD/h4/MvwAAAAd0SU1FB+kMDxY4JSQ8qsMAAADbSURBVCjPhZExToJBEEbf/lL+JaHSH49glAtwByw0cgTOQScegN6EeAdLGmMBcgGJxFhAMJbEZ+HCrsbITLLJvJ1832QmyP9RANBiwpoBIbIb3plwBoCIT84dqR0Rz9WRc6diVDhiTB84hPj2GcdKxIGqS5siHrtS9VqMDYVDtZKYlTo0JItPZkC5G70EZpgssBllt7Ha6oXdHio6NLgAbnnjjudvHH4t6h5o56D247ukjpR8ZMyUBz6q+mCRaN5wqvbsqSeJ5hYLNlwCG17/tsCuC1+8ylnYd+4vzDGuPOWJUq8AAAAASUVORK5CYII=",
      "mimeType": "image/png",
      "sizes": [
        "16x16"
      ],
      "theme": "dark"
    }
  ]
}