{
  "annotations": {
    "title": "Get pull request diff",
    "readOnlyHint": true
  },
  "description": "Get the diff of a pull request.",
  "inputSchema": {
    "type": "object",
    "properties": {
      "owner": {
        "description": "Repository owner",
        "type": "string"
      },
      "pullNumber": {
        "description": "Pull request number",
        "type": "number"
      },
      "repo": {
        "description": "Repository name",
        "type": "string"
      }
    },
    "required": [
      "owner",
      "repo",
      "pullNumber"
    ]
  },
  "name": "get_pull_request_diff"
}