{
  "annotations": {
    "title": "Get pull request details",
    "readOnlyHint": true
  },
  "description": "Get details of a specific pull request in a GitHub repository.",
  "inputSchema": {
    "type": "object",
    "properties": {
      "owner": {
        "description": "Repository owner",
        "type": "string"
      },
      "pullNumber": {
        "description": "Pull request number",
        "type": "number"
      },
      "repo": {
        "description": "Repository name",
        "type": "string"
      }
    },
    "required": [
      "owner",
      "repo",
      "pullNumber"
    ]
  },
  "name": "get_pull_request"
}