{
  "annotations": {
    "idempotentHint": false,
    "readOnlyHint": true,
    "title": "Get latest release"
  },
  "description": "Get the latest release in a GitHub repository",
  "icons": [
    {
      "mimeType": "image/png",
      "src": "data:image/png;base64,iVBORw0KGgoAAAANSUhEUgAAABgAAAAYCAYAAADgdz34AAAABmJLR0QA/wD/AP+gvaeTAAABTklEQVRIie2UPUvDUBSGn5PW2qnYwUXExWhNpY2CUKT+BB10E3R0dnbrppuKLgouHbr5X5qlKRIFB+cuguBHj4O05KYfNsVJ+m7n3Hue54ZcrhDKQqGQTX1YVwg7QIbx0gh8b7VTJMMrqS+5RtgD7oDX2GhhC6UcbhkCVLZVuX1sesex4YCdX6uAGgIrsicjlrTGgQ9KVPDnmQgmgongPwgkXNiOq8ADMAtkx4UGvtflJvus20ANeIlN/vW5/kkt8L3D2HD6P9dRgSI8dQcc9w1IR3acBE3vbFSp8ZMVnoFSqJ/unZDe3pAYXyDIJarn9opbDZrewaAh2y7Oy5S1r6h5QG2Xxbw3piDw6xe244oKyxFmC5ihc+tS1qaqngKJyAEBGmZvSGzHVYT790T7aPozsaFoFZGboFGvDJsbOYuOuxuuc7n1uaV8sRSH8Q1DUVLnYLty3gAAAABJRU5ErkJggg==",
      "theme": "light"
    },
    {
      "mimeType": "image/png",
      "src": "data:image/png;base64,iVBORw0KGgoAAAANSUhEUgAAABgAAAAYCAYAAADgdz34AAAABmJLR0QA/wD/AP+gvaeTAAAA+ElEQVRIie2WLU5DQRRGzwUEirQCQ9BsoSGtZQHgSFgIsg4JXQCGP8V2QCBIEATZkJDgOJi+MJnMo30TFHmfmzvzfeeKyZ2BROpQvVHfrddDmhkZ4BY4Ai6BD7prAowjIoq7i85nFcGNf6qa1tayM1vAvBZQUg74c/WAHtAD/gMgn6YCT8A2MKwOTaZpCfAF3AGvFdlLx7XqdUVw4186rgWeE8Nn4cU67QLNAS/ASG3qmwVPqdaqjWw9A86BK+CkzaTuAseFBse/AiLiQg1gLzs3Bwb8XIp94AxYL/Af2xordap6v/htHKhv6nTlgBUAh9l6Rx11yfgG8ne/zwh2OysAAAAASUVORK5CYII=",
      "theme": "dark"
    }
  ],
  "inputSchema": {
    "properties": {
      "owner": {
        "description": "Repository owner",
        "type": "string",
        "x-mcp-header": "owner"
      },
      "repo": {
        "description": "Repository name",
        "type": "string",
        "x-mcp-header": "repo"
      }
    },
    "required": [
      "owner",
      "repo"
    ],
    "type": "object"
  },
  "name": "get_latest_release",
  "outputSchema": {
    "$defs": {
      "team": {
        "additionalProperties": false,
        "properties": {
          "access_source": {
            "type": [
              "null",
              "string"
            ]
          },
          "assignment": {
            "type": [
              "null",
              "string"
            ]
          },
          "description": {
            "type": [
              "null",
              "string"
            ]
          },
          "html_url": {
            "type": [
              "null",
              "string"
            ]
          },
          "id": {
            "type": [
              "null",
              "integer"
            ]
          },
          "ldap_dn": {
            "type": [
              "null",
              "string"
            ]
          },
          "members_count": {
            "type": [
              "null",
              "integer"
            ]
          },
          "members_url": {
            "type": [
              "null",
              "string"
            ]
          },
          "name": {
            "type": [
              "null",
              "string"
            ]
          },
          "node_id": {
            "type": [
              "null",
              "string"
            ]
          },
          "notification_setting": {
            "type": [
              "null",
              "string"
            ]
          },
          "organization": {
            "additionalProperties": false,
            "properties": {
              "advanced_security_enabled_for_new_repositories": {
                "type": [
                  "null",
                  "boolean"
                ]
              },
              "archived_at": {
                "format": "date-time",
                "type": [
                  "null",
                  "string"
                ]
              },
              "avatar_url": {
                "type": [
                  "null",
                  "string"
                ]
              },
              "billing_email": {
                "type": [
                  "null",
                  "string"
                ]
              },
              "blog": {
                "type": [
                  "null",
                  "string"
                ]
              },
              "collaborators": {
                "type": [
                  "null",
                  "integer"
                ]
              },
              "company": {
                "type": [
                  "null",
                  "string"
                ]
              },
              "created_at": {
                "format": "date-time",
                "type": [
                  "null",
                  "string"
                ]
              },
              "default_repository_branch": {
                "type": [
                  "null",
                  "string"
                ]
              },
              "default_repository_permission": {
                "type": [
                  "null",
                  "string"
                ]
              },
              "default_repository_settings": {
                "type": [
                  "null",
                  "string"
                ]
              },
              "dependabot_alerts_enabled_for_new_repositories": {
                "type": [
                  "null",
                  "boolean"
                ]
              },
              "dependabot_security_updates_enabled_for_new_repositories": {
                "type": [
                  "null",
                  "boolean"
                ]
              },
              "dependency_graph_enabled_for_new_repositories": {
                "type": [
                  "null",
                  "boolean"
                ]
              },
              "deploy_keys_enabled_for_repositories": {
                "type": [
                  "null",
                  "boolean"
                ]
              },
              "description": {
                "type": [
                  "null",
                  "string"
                ]
              },
              "disk_usage": {
                "type": [
                  "null",
                  "integer"
                ]
              },
              "display_commenter_full_name_setting_enabled": {
                "type": [
                  "null",
                  "boolean"
                ]
              },
              "email": {
                "type": [
                  "null",
                  "string"
                ]
              },
              "events_url": {
                "type": [
                  "null",
                  "string"
                ]
              },
              "followers": {
                "type": [
                  "null",
                  "integer"
                ]
              },
              "following": {
                "type": [
                  "null",
                  "integer"
                ]
              },
              "has_organization_projects": {
                "type": [
                  "null",
                  "boolean"
                ]
              },
              "has_repository_projects": {
                "type": [
                  "null",
                  "boolean"
                ]
              },
              "hooks_url": {
                "type": [
                  "null",
                  "string"
                ]
              },
              "html_url": {
                "type": [
                  "null",
                  "string"
                ]
              },
              "id": {
                "type": [
                  "null",
                  "integer"
                ]
              },
              "is_verified": {
                "type": [
                  "null",
                  "boolean"
                ]
              },
              "issues_url": {
                "type": [
                  "null",
                  "string"
                ]
              },
              "location": {
                "type": [
                  "null",
                  "string"
                ]
              },
              "login": {
                "type": [
                  "null",
                  "string"
                ]
              },
              "members_allowed_repository_creation_type": {
                "type": [
                  "null",
                  "string"
                ]
              },
              "members_can_change_repo_visibility": {
                "type": [
                  "null",
                  "boolean"
                ]
              },
              "members_can_create_internal_repositories": {
                "type": [
                  "null",
                  "boolean"
                ]
              },
              "members_can_create_pages": {
                "type": [
                  "null",
                  "boolean"
                ]
              },
              "members_can_create_private_pages": {
                "type": [
                  "null",
                  "boolean"
                ]
              },
              "members_can_create_private_repositories": {
                "type": [
                  "null",
                  "boolean"
                ]
              },
              "members_can_create_public_pages": {
                "type": [
                  "null",
                  "boolean"
                ]
              },
              "members_can_create_public_repositories": {
                "type": [
                  "null",
                  "boolean"
                ]
              },
              "members_can_create_repositories": {
                "type": [
                  "null",
                  "boolean"
                ]
              },
              "members_can_create_teams": {
                "type": [
                  "null",
                  "boolean"
                ]
              },
              "members_can_delete_issues": {
                "type": [
                  "null",
                  "boolean"
                ]
              },
              "members_can_delete_repositories": {
                "type": [
                  "null",
                  "boolean"
                ]
              },
              "members_can_fork_private_repositories": {
                "type": [
                  "null",
                  "boolean"
                ]
              },
              "members_can_invite_outside_collaborators": {
                "type": [
                  "null",
                  "boolean"
                ]
              },
              "members_can_view_dependency_insights": {
                "type": [
                  "null",
                  "boolean"
                ]
              },
              "members_url": {
                "type": [
                  "null",
                  "string"
                ]
              },
              "name": {
                "type": [
                  "null",
                  "string"
                ]
              },
              "node_id": {
                "type": [
                  "null",
                  "string"
                ]
              },
              "owned_private_repos": {
                "type": [
                  "null",
                  "integer"
                ]
              },
              "plan": {
                "additionalProperties": false,
                "properties": {
                  "collaborators": {
                    "type": [
                      "null",
                      "integer"
                    ]
                  },
                  "filled_seats": {
                    "type": [
                      "null",
                      "integer"
                    ]
                  },
                  "name": {
                    "type": [
                      "null",
                      "string"
                    ]
                  },
                  "private_repos": {
                    "type": [
                      "null",
                      "integer"
                    ]
                  },
                  "seats": {
                    "type": [
                      "null",
                      "integer"
                    ]
                  },
                  "space": {
                    "type": [
                      "null",
                      "integer"
                    ]
                  }
                },
                "type": [
                  "null",
                  "object"
                ]
              },
              "private_gists": {
                "type": [
                  "null",
                  "integer"
                ]
              },
              "public_gists": {
                "type": [
                  "null",
                  "integer"
                ]
              },
              "public_members_url": {
                "type": [
                  "null",
                  "string"
                ]
              },
              "public_repos": {
                "type": [
                  "null",
                  "integer"
                ]
              },
              "readers_can_create_discussions": {
                "type": [
                  "null",
                  "boolean"
                ]
              },
              "repos_url": {
                "type": [
                  "null",
                  "string"
                ]
              },
              "secret_scanning_enabled_for_new_repositories": {
                "type": [
                  "null",
                  "boolean"
                ]
              },
              "secret_scanning_push_protection_custom_link": {
                "type": [
                  "null",
                  "string"
                ]
              },
              "secret_scanning_push_protection_custom_link_enabled": {
                "type": [
                  "null",
                  "boolean"
                ]
              },
              "secret_scanning_push_protection_enabled_for_new_repositories": {
                "type": [
                  "null",
                  "boolean"
                ]
              },
              "secret_scanning_validity_checks_enabled": {
                "type": [
                  "null",
                  "boolean"
                ]
              },
              "total_private_repos": {
                "type": [
                  "null",
                  "integer"
                ]
              },
              "twitter_username": {
                "type": [
                  "null",
                  "string"
                ]
              },
              "two_factor_requirement_enabled": {
                "type": [
                  "null",
                  "boolean"
                ]
              },
              "type": {
                "type": [
                  "null",
                  "string"
                ]
              },
              "updated_at": {
                "format": "date-time",
                "type": [
                  "null",
                  "string"
                ]
              },
              "url": {
                "type": [
                  "null",
                  "string"
                ]
              },
              "web_commit_signoff_required": {
                "type": [
                  "null",
                  "boolean"
                ]
              }
            },
            "type": [
              "null",
              "object"
            ]
          },
          "parent": {
            "$ref": "#/$defs/team",
            "type": [
              "null",
              "object"
            ]
          },
          "permission": {
            "type": [
              "null",
              "string"
            ]
          },
          "permissions": {
            "additionalProperties": {
              "type": "boolean"
            },
            "type": "object"
          },
          "privacy": {
            "type": [
              "null",
              "string"
            ]
          },
          "repos_count": {
            "type": [
              "null",
              "integer"
            ]
          },
          "repositories_url": {
            "type": [
              "null",
              "string"
            ]
          },
          "slug": {
            "type": [
              "null",
              "string"
            ]
          },
          "type": {
            "type": [
              "null",
              "string"
            ]
          },
          "url": {
            "type": [
              "null",
              "string"
            ]
          }
        },
        "type": [
          "object",
          "null"
        ]
      }
    },
    "additionalProperties": false,
    "properties": {
      "assets": {
        "items": {
          "additionalProperties": false,
          "properties": {
            "browser_download_url": {
              "type": [
                "null",
                "string"
              ]
            },
            "content_type": {
              "type": [
                "null",
                "string"
              ]
            },
            "created_at": {
              "format": "date-time",
              "type": [
                "null",
                "string"
              ]
            },
            "digest": {
              "type": [
                "null",
                "string"
              ]
            },
            "download_count": {
              "type": [
                "null",
                "integer"
              ]
            },
            "id": {
              "type": [
                "null",
                "integer"
              ]
            },
            "label": {
              "type": [
                "null",
                "string"
              ]
            },
            "name": {
              "type": [
                "null",
                "string"
              ]
            },
            "node_id": {
              "type": [
                "null",
                "string"
              ]
            },
            "size": {
              "type": [
                "null",
                "integer"
              ]
            },
            "state": {
              "type": [
                "null",
                "string"
              ]
            },
            "updated_at": {
              "format": "date-time",
              "type": [
                "null",
                "string"
              ]
            },
            "uploader": {
              "additionalProperties": false,
              "properties": {
                "assignment": {
                  "type": [
                    "null",
                    "string"
                  ]
                },
                "avatar_url": {
                  "type": [
                    "null",
                    "string"
                  ]
                },
                "bio": {
                  "type": [
                    "null",
                    "string"
                  ]
                },
                "blog": {
                  "type": [
                    "null",
                    "string"
                  ]
                },
                "business_plus": {
                  "type": [
                    "null",
                    "boolean"
                  ]
                },
                "collaborators": {
                  "type": [
                    "null",
                    "integer"
                  ]
                },
                "company": {
                  "type": [
                    "null",
                    "string"
                  ]
                },
                "created_at": {
                  "format": "date-time",
                  "type": [
                    "null",
                    "string"
                  ]
                },
                "disk_usage": {
                  "type": [
                    "null",
                    "integer"
                  ]
                },
                "email": {
                  "type": [
                    "null",
                    "string"
                  ]
                },
                "events_url": {
                  "type": [
                    "null",
                    "string"
                  ]
                },
                "followers": {
                  "type": [
                    "null",
                    "integer"
                  ]
                },
                "followers_url": {
                  "type": [
                    "null",
                    "string"
                  ]
                },
                "following": {
                  "type": [
                    "null",
                    "integer"
                  ]
                },
                "following_url": {
                  "type": [
                    "null",
                    "string"
                  ]
                },
                "gists_url": {
                  "type": [
                    "null",
                    "string"
                  ]
                },
                "gravatar_id": {
                  "type": [
                    "null",
                    "string"
                  ]
                },
                "hireable": {
                  "type": [
                    "null",
                    "boolean"
                  ]
                },
                "html_url": {
                  "type": [
                    "null",
                    "string"
                  ]
                },
                "id": {
                  "type": [
                    "null",
                    "integer"
                  ]
                },
                "inherited": {
                  "type": [
                    "null",
                    "boolean"
                  ]
                },
                "inherited_from": {
                  "items": {
                    "$ref": "#/$defs/team",
                    "type": [
                      "null",
                      "object"
                    ]
                  },
                  "type": [
                    "null",
                    "array"
                  ]
                },
                "ldap_dn": {
                  "type": [
                    "null",
                    "string"
                  ]
                },
                "location": {
                  "type": [
                    "null",
                    "string"
                  ]
                },
                "login": {
                  "type": [
                    "null",
                    "string"
                  ]
                },
                "name": {
                  "type": [
                    "null",
                    "string"
                  ]
                },
                "node_id": {
                  "type": [
                    "null",
                    "string"
                  ]
                },
                "notification_email": {
                  "type": [
                    "null",
                    "string"
                  ]
                },
                "organizations_url": {
                  "type": [
                    "null",
                    "string"
                  ]
                },
                "owned_private_repos": {
                  "type": [
                    "null",
                    "integer"
                  ]
                },
                "permissions": {
                  "additionalProperties": false,
                  "properties": {
                    "admin": {
                      "type": [
                        "null",
                        "boolean"
                      ]
                    },
                    "maintain": {
                      "type": [
                        "null",
                        "boolean"
                      ]
                    },
                    "pull": {
                      "type": [
                        "null",
                        "boolean"
                      ]
                    },
                    "push": {
                      "type": [
                        "null",
                        "boolean"
                      ]
                    },
                    "triage": {
                      "type": [
                        "null",
                        "boolean"
                      ]
                    }
                  },
                  "type": [
                    "null",
                    "object"
                  ]
                },
                "plan": {
                  "additionalProperties": false,
                  "properties": {
                    "collaborators": {
                      "type": [
                        "null",
                        "integer"
                      ]
                    },
                    "filled_seats": {
                      "type": [
                        "null",
                        "integer"
                      ]
                    },
                    "name": {
                      "type": [
                        "null",
                        "string"
                      ]
                    },
                    "private_repos": {
                      "type": [
                        "null",
                        "integer"
                      ]
                    },
                    "seats": {
                      "type": [
                        "null",
                        "integer"
                      ]
                    },
                    "space": {
                      "type": [
                        "null",
                        "integer"
                      ]
                    }
                  },
                  "type": [
                    "null",
                    "object"
                  ]
                },
                "private_gists": {
                  "type": [
                    "null",
                    "integer"
                  ]
                },
                "public_gists": {
                  "type": [
                    "null",
                    "integer"
                  ]
                },
                "public_repos": {
                  "type": [
                    "null",
                    "integer"
                  ]
                },
                "received_events_url": {
                  "type": [
                    "null",
                    "string"
                  ]
                },
                "repos_url": {
                  "type": [
                    "null",
                    "string"
                  ]
                },
                "role": {
                  "type": [
                    "null",
                    "string"
                  ]
                },
                "role_name": {
                  "type": [
                    "null",
                    "string"
                  ]
                },
                "site_admin": {
                  "type": [
                    "null",
                    "boolean"
                  ]
                },
                "starred_url": {
                  "type": [
                    "null",
                    "string"
                  ]
                },
                "subscriptions_url": {
                  "type": [
                    "null",
                    "string"
                  ]
                },
                "suspended_at": {
                  "format": "date-time",
                  "type": [
                    "null",
                    "string"
                  ]
                },
                "text_matches": {
                  "items": {
                    "additionalProperties": false,
                    "properties": {
                      "fragment": {
                        "type": [
                          "null",
                          "string"
                        ]
                      },
                      "matches": {
                        "items": {
                          "additionalProperties": false,
                          "properties": {
                            "indices": {
                              "items": {
                                "type": "integer"
                              },
                              "type": [
                                "null",
                                "array"
                              ]
                            },
                            "text": {
                              "type": [
                                "null",
                                "string"
                              ]
                            }
                          },
                          "type": [
                            "null",
                            "object"
                          ]
                        },
                        "type": [
                          "null",
                          "array"
                        ]
                      },
                      "object_type": {
                        "type": [
                          "null",
                          "string"
                        ]
                      },
                      "object_url": {
                        "type": [
                          "null",
                          "string"
                        ]
                      },
                      "property": {
                        "type": [
                          "null",
                          "string"
                        ]
                      }
                    },
                    "type": [
                      "null",
                      "object"
                    ]
                  },
                  "type": [
                    "null",
                    "array"
                  ]
                },
                "total_private_repos": {
                  "type": [
                    "null",
                    "integer"
                  ]
                },
                "twitter_username": {
                  "type": [
                    "null",
                    "string"
                  ]
                },
                "two_factor_authentication": {
                  "type": [
                    "null",
                    "boolean"
                  ]
                },
                "type": {
                  "type": [
                    "null",
                    "string"
                  ]
                },
                "updated_at": {
                  "format": "date-time",
                  "type": [
                    "null",
                    "string"
                  ]
                },
                "url": {
                  "type": [
                    "null",
                    "string"
                  ]
                },
                "user_view_type": {
                  "type": [
                    "null",
                    "string"
                  ]
                }
              },
              "type": [
                "null",
                "object"
              ]
            },
            "url": {
              "type": [
                "null",
                "string"
              ]
            }
          },
          "type": [
            "null",
            "object"
          ]
        },
        "type": [
          "null",
          "array"
        ]
      },
      "assets_url": {
        "type": "string"
      },
      "author": {
        "additionalProperties": false,
        "properties": {
          "assignment": {
            "type": [
              "null",
              "string"
            ]
          },
          "avatar_url": {
            "type": [
              "null",
              "string"
            ]
          },
          "bio": {
            "type": [
              "null",
              "string"
            ]
          },
          "blog": {
            "type": [
              "null",
              "string"
            ]
          },
          "business_plus": {
            "type": [
              "null",
              "boolean"
            ]
          },
          "collaborators": {
            "type": [
              "null",
              "integer"
            ]
          },
          "company": {
            "type": [
              "null",
              "string"
            ]
          },
          "created_at": {
            "format": "date-time",
            "type": [
              "null",
              "string"
            ]
          },
          "disk_usage": {
            "type": [
              "null",
              "integer"
            ]
          },
          "email": {
            "type": [
              "null",
              "string"
            ]
          },
          "events_url": {
            "type": [
              "null",
              "string"
            ]
          },
          "followers": {
            "type": [
              "null",
              "integer"
            ]
          },
          "followers_url": {
            "type": [
              "null",
              "string"
            ]
          },
          "following": {
            "type": [
              "null",
              "integer"
            ]
          },
          "following_url": {
            "type": [
              "null",
              "string"
            ]
          },
          "gists_url": {
            "type": [
              "null",
              "string"
            ]
          },
          "gravatar_id": {
            "type": [
              "null",
              "string"
            ]
          },
          "hireable": {
            "type": [
              "null",
              "boolean"
            ]
          },
          "html_url": {
            "type": [
              "null",
              "string"
            ]
          },
          "id": {
            "type": [
              "null",
              "integer"
            ]
          },
          "inherited": {
            "type": [
              "null",
              "boolean"
            ]
          },
          "inherited_from": {
            "items": {
              "$ref": "#/$defs/team",
              "type": [
                "null",
                "object"
              ]
            },
            "type": [
              "null",
              "array"
            ]
          },
          "ldap_dn": {
            "type": [
              "null",
              "string"
            ]
          },
          "location": {
            "type": [
              "null",
              "string"
            ]
          },
          "login": {
            "type": [
              "null",
              "string"
            ]
          },
          "name": {
            "type": [
              "null",
              "string"
            ]
          },
          "node_id": {
            "type": [
              "null",
              "string"
            ]
          },
          "notification_email": {
            "type": [
              "null",
              "string"
            ]
          },
          "organizations_url": {
            "type": [
              "null",
              "string"
            ]
          },
          "owned_private_repos": {
            "type": [
              "null",
              "integer"
            ]
          },
          "permissions": {
            "additionalProperties": false,
            "properties": {
              "admin": {
                "type": [
                  "null",
                  "boolean"
                ]
              },
              "maintain": {
                "type": [
                  "null",
                  "boolean"
                ]
              },
              "pull": {
                "type": [
                  "null",
                  "boolean"
                ]
              },
              "push": {
                "type": [
                  "null",
                  "boolean"
                ]
              },
              "triage": {
                "type": [
                  "null",
                  "boolean"
                ]
              }
            },
            "type": [
              "null",
              "object"
            ]
          },
          "plan": {
            "additionalProperties": false,
            "properties": {
              "collaborators": {
                "type": [
                  "null",
                  "integer"
                ]
              },
              "filled_seats": {
                "type": [
                  "null",
                  "integer"
                ]
              },
              "name": {
                "type": [
                  "null",
                  "string"
                ]
              },
              "private_repos": {
                "type": [
                  "null",
                  "integer"
                ]
              },
              "seats": {
                "type": [
                  "null",
                  "integer"
                ]
              },
              "space": {
                "type": [
                  "null",
                  "integer"
                ]
              }
            },
            "type": [
              "null",
              "object"
            ]
          },
          "private_gists": {
            "type": [
              "null",
              "integer"
            ]
          },
          "public_gists": {
            "type": [
              "null",
              "integer"
            ]
          },
          "public_repos": {
            "type": [
              "null",
              "integer"
            ]
          },
          "received_events_url": {
            "type": [
              "null",
              "string"
            ]
          },
          "repos_url": {
            "type": [
              "null",
              "string"
            ]
          },
          "role": {
            "type": [
              "null",
              "string"
            ]
          },
          "role_name": {
            "type": [
              "null",
              "string"
            ]
          },
          "site_admin": {
            "type": [
              "null",
              "boolean"
            ]
          },
          "starred_url": {
            "type": [
              "null",
              "string"
            ]
          },
          "subscriptions_url": {
            "type": [
              "null",
              "string"
            ]
          },
          "suspended_at": {
            "format": "date-time",
            "type": [
              "null",
              "string"
            ]
          },
          "text_matches": {
            "items": {
              "additionalProperties": false,
              "properties": {
                "fragment": {
                  "type": [
                    "null",
                    "string"
                  ]
                },
                "matches": {
                  "items": {
                    "additionalProperties": false,
                    "properties": {
                      "indices": {
                        "items": {
                          "type": "integer"
                        },
                        "type": [
                          "null",
                          "array"
                        ]
                      },
                      "text": {
                        "type": [
                          "null",
                          "string"
                        ]
                      }
                    },
                    "type": [
                      "null",
                      "object"
                    ]
                  },
                  "type": [
                    "null",
                    "array"
                  ]
                },
                "object_type": {
                  "type": [
                    "null",
                    "string"
                  ]
                },
                "object_url": {
                  "type": [
                    "null",
                    "string"
                  ]
                },
                "property": {
                  "type": [
                    "null",
                    "string"
                  ]
                }
              },
              "type": [
                "null",
                "object"
              ]
            },
            "type": [
              "null",
              "array"
            ]
          },
          "total_private_repos": {
            "type": [
              "null",
              "integer"
            ]
          },
          "twitter_username": {
            "type": [
              "null",
              "string"
            ]
          },
          "two_factor_authentication": {
            "type": [
              "null",
              "boolean"
            ]
          },
          "type": {
            "type": [
              "null",
              "string"
            ]
          },
          "updated_at": {
            "format": "date-time",
            "type": [
              "null",
              "string"
            ]
          },
          "url": {
            "type": [
              "null",
              "string"
            ]
          },
          "user_view_type": {
            "type": [
              "null",
              "string"
            ]
          }
        },
        "type": [
          "null",
          "object"
        ]
      },
      "body": {
        "type": [
          "null",
          "string"
        ]
      },
      "body_html": {
        "type": [
          "null",
          "string"
        ]
      },
      "body_text": {
        "type": [
          "null",
          "string"
        ]
      },
      "created_at": {
        "format": "date-time",
        "type": "string"
      },
      "discussion_url": {
        "type": [
          "null",
          "string"
        ]
      },
      "draft": {
        "type": "boolean"
      },
      "html_url": {
        "type": "string"
      },
      "id": {
        "type": "integer"
      },
      "immutable": {
        "type": [
          "null",
          "boolean"
        ]
      },
      "mentions_count": {
        "type": [
          "null",
          "integer"
        ]
      },
      "name": {
        "type": [
          "null",
          "string"
        ]
      },
      "node_id": {
        "type": "string"
      },
      "prerelease": {
        "type": "boolean"
      },
      "published_at": {
        "format": "date-time",
        "type": [
          "null",
          "string"
        ]
      },
      "reactions": {
        "additionalProperties": false,
        "properties": {
          "+1": {
            "type": [
              "null",
              "integer"
            ]
          },
          "-1": {
            "type": [
              "null",
              "integer"
            ]
          },
          "confused": {
            "type": [
              "null",
              "integer"
            ]
          },
          "eyes": {
            "type": [
              "null",
              "integer"
            ]
          },
          "heart": {
            "type": [
              "null",
              "integer"
            ]
          },
          "hooray": {
            "type": [
              "null",
              "integer"
            ]
          },
          "laugh": {
            "type": [
              "null",
              "integer"
            ]
          },
          "rocket": {
            "type": [
              "null",
              "integer"
            ]
          },
          "total_count": {
            "type": [
              "null",
              "integer"
            ]
          },
          "url": {
            "type": [
              "null",
              "string"
            ]
          }
        },
        "type": [
          "null",
          "object"
        ]
      },
      "tag_name": {
        "type": "string"
      },
      "tarball_url": {
        "type": [
          "null",
          "string"
        ]
      },
      "target_commitish": {
        "type": "string"
      },
      "updated_at": {
        "format": "date-time",
        "type": [
          "null",
          "string"
        ]
      },
      "upload_url": {
        "type": "string"
      },
      "url": {
        "type": "string"
      },
      "zipball_url": {
        "type": [
          "null",
          "string"
        ]
      }
    },
    "required": [
      "tag_name",
      "target_commitish",
      "name",
      "draft",
      "prerelease",
      "id",
      "created_at",
      "published_at",
      "url",
      "html_url",
      "assets_url",
      "assets",
      "upload_url",
      "zipball_url",
      "tarball_url",
      "author",
      "node_id"
    ],
    "type": [
      "null",
      "object"
    ]
  }
}