{
  "annotations": {
    "readOnlyHint": true,
    "title": "Get GitHub Actions workflow job logs"
  },
  "description": "Get logs for GitHub Actions workflow jobs.\nUse this tool to retrieve logs for a specific job or all jobs in a workflow run.\nProvide job_id for one job, or run_id for all jobs in a run. Set failed_only=true to restrict either mode to failed jobs only.\n",
  "inputSchema": {
    "properties": {
      "failed_only": {
        "description": "When true, only returns logs for failed jobs. With job_id, the job must have failed. With run_id, only failed jobs in the run are included.",
        "type": "boolean"
      },
      "job_id": {
        "description": "The unique identifier of the workflow job. Provide either job_id or run_id, not both.",
        "type": "number"
      },
      "owner": {
        "description": "Repository owner",
        "type": "string"
      },
      "repo": {
        "description": "Repository name",
        "type": "string"
      },
      "return_content": {
        "description": "Returns actual log content instead of URLs",
        "type": "boolean"
      },
      "run_id": {
        "description": "The unique identifier of the workflow run. Provide either run_id or job_id, not both.",
        "type": "number"
      },
      "tail_lines": {
        "default": 500,
        "description": "Number of lines to return from the end of the log",
        "type": "number"
      }
    },
    "required": [
      "owner",
      "repo"
    ],
    "type": "object"
  },
  "name": "get_job_logs"
}