{
  "annotations": {
    "idempotentHint": false,
    "readOnlyHint": true,
    "title": "Get notification details"
  },
  "description": "Get detailed information for a specific GitHub notification, always call this tool when the user asks for details about a specific notification, if you don't know the ID list notifications first.",
  "inputSchema": {
    "properties": {
      "notificationID": {
        "description": "The ID of the notification",
        "type": "string"
      }
    },
    "required": [
      "notificationID"
    ],
    "type": "object"
  },
  "name": "get_notification_details",
  "outputSchema": {
    "additionalProperties": false,
    "properties": {
      "id": {
        "type": [
          "null",
          "string"
        ]
      },
      "last_read_at": {
        "type": [
          "null",
          "string"
        ]
      },
      "reason": {
        "type": [
          "null",
          "string"
        ]
      },
      "repository": {
        "additionalProperties": false,
        "properties": {
          "full_name": {
            "type": [
              "null",
              "string"
            ]
          },
          "html_url": {
            "type": [
              "null",
              "string"
            ]
          },
          "id": {
            "type": [
              "null",
              "integer"
            ]
          },
          "name": {
            "type": [
              "null",
              "string"
            ]
          },
          "node_id": {
            "type": [
              "null",
              "string"
            ]
          },
          "owner": {
            "additionalProperties": false,
            "properties": {
              "avatar_url": {
                "type": [
                  "null",
                  "string"
                ]
              },
              "html_url": {
                "type": [
                  "null",
                  "string"
                ]
              },
              "id": {
                "type": [
                  "null",
                  "integer"
                ]
              },
              "login": {
                "type": [
                  "null",
                  "string"
                ]
              },
              "node_id": {
                "type": [
                  "null",
                  "string"
                ]
              }
            },
            "type": [
              "null",
              "object"
            ]
          },
          "private": {
            "type": [
              "null",
              "boolean"
            ]
          },
          "url": {
            "type": [
              "null",
              "string"
            ]
          }
        },
        "type": [
          "null",
          "object"
        ]
      },
      "subject": {
        "additionalProperties": false,
        "properties": {
          "latest_comment_url": {
            "type": [
              "null",
              "string"
            ]
          },
          "title": {
            "type": [
              "null",
              "string"
            ]
          },
          "type": {
            "type": [
              "null",
              "string"
            ]
          },
          "url": {
            "type": [
              "null",
              "string"
            ]
          }
        },
        "type": [
          "null",
          "object"
        ]
      },
      "unread": {
        "type": [
          "null",
          "boolean"
        ]
      },
      "updated_at": {
        "type": [
          "null",
          "string"
        ]
      },
      "url": {
        "type": [
          "null",
          "string"
        ]
      }
    },
    "type": [
      "null",
      "object"
    ]
  }
}