{
  "annotations": {
    "idempotentHint": false,
    "readOnlyHint": true,
    "title": "Get secret scanning alert"
  },
  "description": "Get details of a specific secret scanning alert in a GitHub repository.",
  "inputSchema": {
    "properties": {
      "alertNumber": {
        "description": "The number of the alert.",
        "type": "number"
      },
      "owner": {
        "description": "The owner of the repository.",
        "type": "string"
      },
      "repo": {
        "description": "The name of the repository.",
        "type": "string"
      }
    },
    "required": [
      "owner",
      "repo",
      "alertNumber"
    ],
    "type": "object"
  },
  "name": "get_secret_scanning_alert",
  "outputSchema": {
    "additionalProperties": false,
    "properties": {
      "created_at": {
        "type": [
          "null",
          "string"
        ]
      },
      "first_location_detected": {
        "additionalProperties": false,
        "properties": {
          "blob_sha": {
            "type": [
              "null",
              "string"
            ]
          },
          "blob_url": {
            "type": [
              "null",
              "string"
            ]
          },
          "commit_sha": {
            "type": [
              "null",
              "string"
            ]
          },
          "commit_url": {
            "type": [
              "null",
              "string"
            ]
          },
          "end_column": {
            "type": [
              "null",
              "integer"
            ]
          },
          "end_line": {
            "type": [
              "null",
              "integer"
            ]
          },
          "path": {
            "type": [
              "null",
              "string"
            ]
          },
          "pull_request_comment_url": {
            "type": [
              "null",
              "string"
            ]
          },
          "start_column": {
            "type": [
              "null",
              "integer"
            ]
          },
          "start_line": {
            "type": [
              "null",
              "integer"
            ]
          }
        },
        "type": [
          "null",
          "object"
        ]
      },
      "has_more_locations": {
        "type": [
          "null",
          "boolean"
        ]
      },
      "html_url": {
        "type": [
          "null",
          "string"
        ]
      },
      "is_base64_encoded": {
        "type": [
          "null",
          "boolean"
        ]
      },
      "locations_url": {
        "type": [
          "null",
          "string"
        ]
      },
      "multi_repo": {
        "type": [
          "null",
          "boolean"
        ]
      },
      "number": {
        "type": [
          "null",
          "integer"
        ]
      },
      "publicly_leaked": {
        "type": [
          "null",
          "boolean"
        ]
      },
      "push_protection_bypass_request_comment": {
        "type": [
          "null",
          "string"
        ]
      },
      "push_protection_bypass_request_html_url": {
        "type": [
          "null",
          "string"
        ]
      },
      "push_protection_bypass_request_reviewer": {
        "additionalProperties": false,
        "properties": {
          "html_url": {
            "type": [
              "null",
              "string"
            ]
          },
          "id": {
            "type": [
              "null",
              "integer"
            ]
          },
          "login": {
            "type": [
              "null",
              "string"
            ]
          }
        },
        "type": [
          "null",
          "object"
        ]
      },
      "push_protection_bypass_request_reviewer_comment": {
        "type": [
          "null",
          "string"
        ]
      },
      "push_protection_bypassed": {
        "type": [
          "null",
          "boolean"
        ]
      },
      "push_protection_bypassed_at": {
        "type": [
          "null",
          "string"
        ]
      },
      "push_protection_bypassed_by": {
        "additionalProperties": false,
        "properties": {
          "html_url": {
            "type": [
              "null",
              "string"
            ]
          },
          "id": {
            "type": [
              "null",
              "integer"
            ]
          },
          "login": {
            "type": [
              "null",
              "string"
            ]
          }
        },
        "type": [
          "null",
          "object"
        ]
      },
      "resolution": {
        "type": [
          "null",
          "string"
        ]
      },
      "resolution_comment": {
        "type": [
          "null",
          "string"
        ]
      },
      "resolved_at": {
        "type": [
          "null",
          "string"
        ]
      },
      "resolved_by": {
        "additionalProperties": false,
        "properties": {
          "html_url": {
            "type": [
              "null",
              "string"
            ]
          },
          "id": {
            "type": [
              "null",
              "integer"
            ]
          },
          "login": {
            "type": [
              "null",
              "string"
            ]
          }
        },
        "type": [
          "null",
          "object"
        ]
      },
      "secret": {
        "type": [
          "null",
          "string"
        ]
      },
      "secret_type": {
        "type": [
          "null",
          "string"
        ]
      },
      "secret_type_display_name": {
        "type": [
          "null",
          "string"
        ]
      },
      "state": {
        "type": [
          "null",
          "string"
        ]
      },
      "updated_at": {
        "type": [
          "null",
          "string"
        ]
      },
      "url": {
        "type": [
          "null",
          "string"
        ]
      },
      "validity": {
        "type": [
          "null",
          "string"
        ]
      }
    },
    "type": [
      "null",
      "object"
    ]
  }
}