{
  "annotations": {
    "readOnlyHint": true,
    "title": "Get organization custom properties"
  },
  "description": "Get all custom property definitions (schema) for an organization",
  "inputSchema": {
    "properties": {
      "org": {
        "description": "Organization name",
        "type": "string"
      }
    },
    "required": [
      "org"
    ],
    "type": "object"
  },
  "name": "get_organization_custom_properties"
}