{
  "annotations": {
    "idempotentHint": false,
    "readOnlyHint": true,
    "title": "Get a specific label from a repository"
  },
  "description": "Get a specific label from a repository.",
  "inputSchema": {
    "additionalProperties": true,
    "properties": {
      "name": {
        "anyOf": [
          {
            "description": "Label name.",
            "type": "string"
          },
          {
            "description": "Other JSON values are validated by the legacy handler."
          }
        ],
        "description": "Label name. Required by the legacy handler. Validated by the legacy handler to preserve its error behavior."
      },
      "owner": {
        "description": "Repository owner (username or organization name)",
        "type": "string"
      },
      "repo": {
        "description": "Repository name",
        "type": "string"
      }
    },
    "type": "object"
  },
  "name": "get_label",
  "outputSchema": {
    "additionalProperties": false,
    "properties": {
      "color": {
        "type": "string"
      },
      "description": {
        "type": "string"
      },
      "id": {
        "type": "string"
      },
      "name": {
        "type": "string"
      }
    },
    "required": [
      "id",
      "name",
      "color",
      "description"
    ],
    "type": "object"
  }
}