{
  "annotations": {
    "readOnlyHint": true,
    "title": "Get project status update"
  },
  "description": "Get a single project status update by ID",
  "inputSchema": {
    "properties": {
      "status_update_id": {
        "description": "The node ID of the project status update.",
        "type": "string"
      }
    },
    "required": [
      "status_update_id"
    ],
    "type": "object"
  },
  "name": "get_project_status_update"
}