{
  "annotations": {
    "idempotentHint": false,
    "readOnlyHint": true,
    "title": "List code scanning alerts"
  },
  "description": "List code scanning alerts in a GitHub repository.",
  "inputSchema": {
    "properties": {
      "owner": {
        "description": "The owner of the repository.",
        "type": "string"
      },
      "page": {
        "description": "Page number for pagination (min 1)",
        "minimum": 1,
        "type": "number"
      },
      "perPage": {
        "description": "Results per page for pagination (min 1, max 100)",
        "maximum": 100,
        "minimum": 1,
        "type": "number"
      },
      "ref": {
        "description": "The Git reference for the results you want to list.",
        "type": "string"
      },
      "repo": {
        "description": "The name of the repository.",
        "type": "string"
      },
      "severity": {
        "description": "Filter code scanning alerts by severity",
        "enum": [
          "critical",
          "high",
          "medium",
          "low",
          "warning",
          "note",
          "error"
        ],
        "type": "string"
      },
      "state": {
        "default": "open",
        "description": "Filter code scanning alerts by state. Defaults to open",
        "enum": [
          "open",
          "closed",
          "dismissed",
          "fixed"
        ],
        "type": "string"
      },
      "tool_name": {
        "description": "The name of the tool used for code scanning.",
        "type": "string"
      }
    },
    "required": [
      "owner",
      "repo"
    ],
    "type": "object"
  },
  "name": "list_code_scanning_alerts",
  "outputSchema": {
    "items": {
      "additionalProperties": false,
      "properties": {
        "closed_at": {
          "type": [
            "null",
            "string"
          ]
        },
        "closed_by": {
          "additionalProperties": false,
          "properties": {
            "html_url": {
              "type": [
                "null",
                "string"
              ]
            },
            "id": {
              "type": [
                "null",
                "integer"
              ]
            },
            "login": {
              "type": [
                "null",
                "string"
              ]
            }
          },
          "type": [
            "null",
            "object"
          ]
        },
        "created_at": {
          "type": [
            "null",
            "string"
          ]
        },
        "dismissed_at": {
          "type": [
            "null",
            "string"
          ]
        },
        "dismissed_by": {
          "additionalProperties": false,
          "properties": {
            "html_url": {
              "type": [
                "null",
                "string"
              ]
            },
            "id": {
              "type": [
                "null",
                "integer"
              ]
            },
            "login": {
              "type": [
                "null",
                "string"
              ]
            }
          },
          "type": [
            "null",
            "object"
          ]
        },
        "dismissed_comment": {
          "type": [
            "null",
            "string"
          ]
        },
        "dismissed_reason": {
          "type": [
            "null",
            "string"
          ]
        },
        "fixed_at": {
          "type": [
            "null",
            "string"
          ]
        },
        "html_url": {
          "type": [
            "null",
            "string"
          ]
        },
        "instances": {
          "items": {
            "additionalProperties": false,
            "properties": {
              "analysis_key": {
                "type": [
                  "null",
                  "string"
                ]
              },
              "category": {
                "type": [
                  "null",
                  "string"
                ]
              },
              "classifications": {
                "items": {
                  "type": "string"
                },
                "type": [
                  "null",
                  "array"
                ]
              },
              "commit_sha": {
                "type": [
                  "null",
                  "string"
                ]
              },
              "environment": {
                "type": [
                  "null",
                  "string"
                ]
              },
              "html_url": {
                "type": [
                  "null",
                  "string"
                ]
              },
              "location": {
                "additionalProperties": false,
                "properties": {
                  "end_column": {
                    "type": [
                      "null",
                      "integer"
                    ]
                  },
                  "end_line": {
                    "type": [
                      "null",
                      "integer"
                    ]
                  },
                  "path": {
                    "type": [
                      "null",
                      "string"
                    ]
                  },
                  "start_column": {
                    "type": [
                      "null",
                      "integer"
                    ]
                  },
                  "start_line": {
                    "type": [
                      "null",
                      "integer"
                    ]
                  }
                },
                "type": [
                  "null",
                  "object"
                ]
              },
              "message": {
                "additionalProperties": false,
                "properties": {
                  "markdown": {
                    "type": [
                      "null",
                      "string"
                    ]
                  },
                  "text": {
                    "type": [
                      "null",
                      "string"
                    ]
                  }
                },
                "type": [
                  "null",
                  "object"
                ]
              },
              "ref": {
                "type": [
                  "null",
                  "string"
                ]
              },
              "state": {
                "type": [
                  "null",
                  "string"
                ]
              }
            },
            "type": [
              "null",
              "object"
            ]
          },
          "type": [
            "null",
            "array"
          ]
        },
        "instances_url": {
          "type": [
            "null",
            "string"
          ]
        },
        "most_recent_instance": {
          "additionalProperties": false,
          "properties": {
            "analysis_key": {
              "type": [
                "null",
                "string"
              ]
            },
            "category": {
              "type": [
                "null",
                "string"
              ]
            },
            "classifications": {
              "items": {
                "type": "string"
              },
              "type": [
                "null",
                "array"
              ]
            },
            "commit_sha": {
              "type": [
                "null",
                "string"
              ]
            },
            "environment": {
              "type": [
                "null",
                "string"
              ]
            },
            "html_url": {
              "type": [
                "null",
                "string"
              ]
            },
            "location": {
              "additionalProperties": false,
              "properties": {
                "end_column": {
                  "type": [
                    "null",
                    "integer"
                  ]
                },
                "end_line": {
                  "type": [
                    "null",
                    "integer"
                  ]
                },
                "path": {
                  "type": [
                    "null",
                    "string"
                  ]
                },
                "start_column": {
                  "type": [
                    "null",
                    "integer"
                  ]
                },
                "start_line": {
                  "type": [
                    "null",
                    "integer"
                  ]
                }
              },
              "type": [
                "null",
                "object"
              ]
            },
            "message": {
              "additionalProperties": false,
              "properties": {
                "markdown": {
                  "type": [
                    "null",
                    "string"
                  ]
                },
                "text": {
                  "type": [
                    "null",
                    "string"
                  ]
                }
              },
              "type": [
                "null",
                "object"
              ]
            },
            "ref": {
              "type": [
                "null",
                "string"
              ]
            },
            "state": {
              "type": [
                "null",
                "string"
              ]
            }
          },
          "type": [
            "null",
            "object"
          ]
        },
        "number": {
          "type": [
            "null",
            "integer"
          ]
        },
        "rule": {
          "additionalProperties": false,
          "properties": {
            "description": {
              "type": [
                "null",
                "string"
              ]
            },
            "full_description": {
              "type": [
                "null",
                "string"
              ]
            },
            "help": {
              "type": [
                "null",
                "string"
              ]
            },
            "id": {
              "type": [
                "null",
                "string"
              ]
            },
            "name": {
              "type": [
                "null",
                "string"
              ]
            },
            "security_severity_level": {
              "type": [
                "null",
                "string"
              ]
            },
            "severity": {
              "type": [
                "null",
                "string"
              ]
            },
            "tags": {
              "items": {
                "type": "string"
              },
              "type": [
                "null",
                "array"
              ]
            }
          },
          "type": [
            "null",
            "object"
          ]
        },
        "rule_description": {
          "type": [
            "null",
            "string"
          ]
        },
        "rule_id": {
          "type": [
            "null",
            "string"
          ]
        },
        "rule_severity": {
          "type": [
            "null",
            "string"
          ]
        },
        "state": {
          "type": [
            "null",
            "string"
          ]
        },
        "tool": {
          "additionalProperties": false,
          "properties": {
            "guid": {
              "type": [
                "null",
                "string"
              ]
            },
            "name": {
              "type": [
                "null",
                "string"
              ]
            },
            "version": {
              "type": [
                "null",
                "string"
              ]
            }
          },
          "type": [
            "null",
            "object"
          ]
        },
        "updated_at": {
          "type": [
            "null",
            "string"
          ]
        },
        "url": {
          "type": [
            "null",
            "string"
          ]
        }
      },
      "type": [
        "null",
        "object"
      ]
    },
    "type": [
      "null",
      "array"
    ]
  }
}