{
  "annotations": {
    "title": "Merge pull request"
  },
  "description": "Merge a pull request in a GitHub repository.",
  "inputSchema": {
    "type": "object",
    "required": [
      "owner",
      "repo",
      "pullNumber"
    ],
    "properties": {
      "commit_message": {
        "type": "string",
        "description": "Extra detail for merge commit"
      },
      "commit_title": {
        "type": "string",
        "description": "Title for merge commit"
      },
      "merge_method": {
        "type": "string",
        "description": "Merge method",
        "enum": [
          "merge",
          "squash",
          "rebase"
        ]
      },
      "owner": {
        "type": "string",
        "description": "Repository owner"
      },
      "pullNumber": {
        "type": "number",
        "description": "Pull request number"
      },
      "repo": {
        "type": "string",
        "description": "Repository name"
      }
    }
  },
  "name": "merge_pull_request",
  "icons": [
    {
      "src": "data:image/png;base64,iVBORw0KGgoAAAANSUhEUgAAABAAAAAQCAYAAAAf8/9hAAAABmJLR0QA/wD/AP+gvaeTAAAA0klEQVQ4jbXRPVICQRCG4QcCr7FXkMLI2MhQLwIxiQkpYEYV5QHUyMAzGFtwA6oIDPjxAK7B9hZT6x9j6ZdM9Uz329Nf84c6wRyvGKOdC5hjiXuUuDikKO1S4AnDJM7SODqXWP8G0MZNAB5zimq9qTyAc0xw1Mi9xhYLdD8DXsUPJnGuMMMA07i7i0bP3wHgDA94sfemRCcg258ATRXYJKBRMyE18asNFOjjEq3mYz13GZ2y17jDLY4D0jukKF3jEqcqx+s4S13VanYqgz7M+C96B6pDN7hpxxNqAAAAAElFTkSuQmCC",
      "mimeType": "image/png",
      "sizes": [
        "16x16"
      ],
      "theme": "light"
    },
    {
      "src": "data:image/png;base64,iVBORw0KGgoAAAANSUhEUgAAABAAAAAQCAQAAAC1+jfqAAAAIGNIUk0AAHomAACAhAAA+gAAAIDoAAB1MAAA6mAAADqYAAAXcJy6UTwAAAACYktHRAD/h4/MvwAAAAd0SU1FB+kMDxY4I81fD/YAAADISURBVCjPhZE9bsJAEIU/o4hboL2CI6ioqSg5SXo3adKC00VCHACQIqXgDKkRuYCzUooU/B0gXwrbBViGN8VotTPvzZtJ5DY6AAzYcWZWvS4h4s7oWp3IdZQ9gU9egNDGMFN1b2gylKnjQt00v2uJPyIwJqdbjf7KkS/6tQQ+q7n649zMN3VldOtFAY788NcSj648XhfUETyoOpWHSrMHBIrKWkHKhG/e6xlyVQ/tNk8uTdWnNpuRIRkQ2zbZd+vJqUmTIbl37n/ducqf5eIFHgAAAABJRU5ErkJggg==",
      "mimeType": "image/png",
      "sizes": [
        "16x16"
      ],
      "theme": "dark"
    }
  ]
}