{
  "annotations": {
    "idempotentHint": false,
    "readOnlyHint": true,
    "title": "List GitHub Projects resources"
  },
  "description": "Tools for listing GitHub Projects resources.\nUse this tool to list projects for a user or organization, or list project fields, items, views, and status updates for a specific project.\n",
  "icons": [
    {
      "mimeType": "image/png",
      "src": "data:image/png;base64,iVBORw0KGgoAAAANSUhEUgAAABgAAAAYCAYAAADgdz34AAAABmJLR0QA/wD/AP+gvaeTAAABB0lEQVRIid2VMW7CQBBF/1iuUe7AIrwIbFcU6VJwh3CBNLQ+AH1qaDgAR6DMFcCWsKM4hzANnX8aLJmQRaAFAfnV7nzpP2lmVgs8uqQ6NL3wTYTvABqWmRtSou9sOdsDKB0UADIAH5aAFwDtPF09AYBbMxoQWeTr5dgmXXXCMch+dXdswk6REdDy/KHSQVyvKR1OlfYn+7UgaWr/1ZTjmgw6Thtk71dV18ZWqSvieKac27XoYQDGGfwtrq8KyNN4dC7gdjOQsvwUSGzyT5WxRV9ZPAcwtwVcokUJWWYm88wtOlServxj/v96aBuQA6WDrVUiOQBQHABIiXZf5rMVACgARpYZd6Qfp6RDgj1llLkAAAAASUVORK5CYII=",
      "theme": "light"
    },
    {
      "mimeType": "image/png",
      "src": "data:image/png;base64,iVBORw0KGgoAAAANSUhEUgAAABgAAAAYCAYAAADgdz34AAAABmJLR0QA/wD/AP+gvaeTAAAAzklEQVRIid2VuQ3CQBBF/yAKoAuDxFEDgXuAHJPQhJuAFiiDHmwJQRc2CeEjQJbQ+kDWYhn42c6s/pvd2UP6GwFbIMdfORAVvvYCyCVdJJ08a11KCsxs5K4AIPY0FxADFOOBr+E71QKANZA4sQOwd2IpsKrzGTbAA0kzJzapmDeVNK4z6W+LfgbQ1IMqnTsFmNmuLaDXHlwlJQ15P4CZHc1s0RmghVI9H8lKtT1FJZnZvCn/XxftJikE7p6eoaS8FAUiIPvAl5kBG88iv0gPgTHUJC6qAYQAAAAASUVORK5CYII=",
      "theme": "dark"
    }
  ],
  "inputSchema": {
    "properties": {
      "after": {
        "anyOf": [
          {
            "description": "Forward pagination cursor from previous pageInfo.nextCursor.",
            "type": "string"
          },
          {
            "description": "Other JSON values are handled by the method-specific validator, preserving its errors and validation order."
          }
        ],
        "description": "Forward pagination cursor from previous pageInfo.nextCursor. Validated by the selected method; otherwise ignored."
      },
      "before": {
        "anyOf": [
          {
            "description": "Backward pagination cursor from previous pageInfo.prevCursor (rare).",
            "type": "string"
          },
          {
            "description": "Other JSON values are handled by the method-specific validator, preserving its errors and validation order."
          }
        ],
        "description": "Backward pagination cursor from previous pageInfo.prevCursor (rare). Validated by the selected method; otherwise ignored."
      },
      "field_names": {
        "anyOf": [
          {
            "description": "Field names to include when listing project items (e.g. [\"Status\", \"Priority\"]). Resolved server-side to field IDs — pass this instead of 'fields' when you only know the human-readable names. Names that fail to resolve return a structured error. Mutually exclusive with 'fields' — provide one, not both. Only used for 'list_project_items' method.",
            "items": {
              "type": "string"
            },
            "type": "array"
          },
          {
            "description": "Other JSON values are handled by the method-specific validator, preserving its errors and validation order."
          }
        ],
        "description": "Field names to include when listing project items (e.g. [\"Status\", \"Priority\"]). Resolved server-side to field IDs — pass this instead of 'fields' when you only know the human-readable names. Names that fail to resolve return a structured error. Mutually exclusive with 'fields' — provide one, not both. Only used for 'list_project_items' method. Validated by the selected method; otherwise ignored."
      },
      "fields": {
        "anyOf": [
          {
            "description": "Field IDs to include when listing project items (e.g. [\"102589\", \"985201\"]). CRITICAL: Always provide to get field values. Without this (and without 'field_names'), only titles returned. Mutually exclusive with 'field_names' — provide one, not both. Only used for 'list_project_items' method.",
            "items": {
              "type": "string"
            },
            "type": "array"
          },
          {
            "description": "Other JSON values are handled by the method-specific validator, preserving its errors and validation order."
          }
        ],
        "description": "Field IDs to include when listing project items (e.g. [\"102589\", \"985201\"]). CRITICAL: Always provide to get field values. Without this (and without 'field_names'), only titles returned. Mutually exclusive with 'field_names' — provide one, not both. Only used for 'list_project_items' method. Validated by the selected method; otherwise ignored."
      },
      "method": {
        "anyOf": [
          {
            "description": "The action to perform",
            "enum": [
              "list_projects",
              "list_project_fields",
              "list_project_items",
              "list_project_status_updates",
              "list_project_views"
            ],
            "type": "string"
          },
          {
            "description": "Other JSON values are handled by the method-specific validator, preserving its errors and validation order."
          }
        ],
        "description": "The action to perform Validated by the selected method; otherwise ignored."
      },
      "owner": {
        "description": "The owner (user or organization login). The name is not case sensitive.",
        "type": "string",
        "x-mcp-header": "owner"
      },
      "owner_type": {
        "anyOf": [
          {
            "description": "Owner type (user or org). If not provided, will automatically try both.",
            "enum": [
              "user",
              "org"
            ],
            "type": "string"
          },
          {
            "description": "Other JSON values are handled by the method-specific validator, preserving its errors and validation order."
          }
        ],
        "description": "Owner type (user or org). If not provided, will automatically try both. Validated by the selected method; otherwise ignored."
      },
      "perPage": {
        "anyOf": [
          {
            "description": "Results per page (max 50)",
            "type": "number"
          },
          {
            "description": "Other JSON values are handled by the method-specific validator, preserving its errors and validation order."
          }
        ],
        "description": "Results per page (max 50) Validated by the selected method; otherwise ignored."
      },
      "project_number": {
        "anyOf": [
          {
            "description": "The project's number. Required for 'list_project_fields', 'list_project_items', 'list_project_views', and 'list_project_status_updates' methods.",
            "type": "number"
          },
          {
            "description": "Other JSON values are handled by the method-specific validator, preserving its errors and validation order."
          }
        ],
        "description": "The project's number. Required for 'list_project_fields', 'list_project_items', 'list_project_views', and 'list_project_status_updates' methods. Validated by the selected method; otherwise ignored."
      },
      "query": {
        "anyOf": [
          {
            "description": "Filter/query string. For list_projects: filter by title text and state (e.g. \"roadmap is:open\"). For list_project_items: advanced filtering using GitHub's project filtering syntax.",
            "type": "string"
          },
          {
            "description": "Other JSON values are handled by the method-specific validator, preserving its errors and validation order."
          }
        ],
        "description": "Filter/query string. For list_projects: filter by title text and state (e.g. \"roadmap is:open\"). For list_project_items: advanced filtering using GitHub's project filtering syntax. Validated by the selected method; otherwise ignored."
      }
    },
    "type": "object"
  },
  "name": "projects_list",
  "outputSchema": {
    "anyOf": [
      {
        "type": "null"
      },
      {
        "additionalProperties": false,
        "properties": {
          "note": {
            "type": "string"
          },
          "pageInfo": {
            "additionalProperties": false,
            "properties": {
              "hasNextPage": {
                "type": "boolean"
              },
              "hasPreviousPage": {
                "type": "boolean"
              },
              "nextCursor": {
                "type": "string"
              },
              "prevCursor": {
                "type": "string"
              }
            },
            "required": [
              "hasNextPage",
              "hasPreviousPage"
            ],
            "type": "object"
          },
          "projects": {
            "items": {
              "additionalProperties": false,
              "properties": {
                "closed_at": {
                  "format": "date-time",
                  "type": "string"
                },
                "created_at": {
                  "format": "date-time",
                  "type": "string"
                },
                "creator": {
                  "additionalProperties": false,
                  "properties": {
                    "avatar_url": {
                      "type": "string"
                    },
                    "details": {
                      "additionalProperties": false,
                      "properties": {
                        "bio": {
                          "type": "string"
                        },
                        "blog": {
                          "type": "string"
                        },
                        "company": {
                          "type": "string"
                        },
                        "created_at": {
                          "type": "string"
                        },
                        "email": {
                          "type": "string"
                        },
                        "followers": {
                          "type": "integer"
                        },
                        "following": {
                          "type": "integer"
                        },
                        "hireable": {
                          "type": "boolean"
                        },
                        "location": {
                          "type": "string"
                        },
                        "name": {
                          "type": "string"
                        },
                        "owned_private_repos": {
                          "type": "integer"
                        },
                        "private_gists": {
                          "type": "integer"
                        },
                        "public_gists": {
                          "type": "integer"
                        },
                        "public_repos": {
                          "type": "integer"
                        },
                        "total_private_repos": {
                          "type": "integer"
                        },
                        "twitter_username": {
                          "type": "string"
                        },
                        "updated_at": {
                          "type": "string"
                        }
                      },
                      "required": [
                        "public_repos",
                        "public_gists",
                        "followers",
                        "following",
                        "created_at",
                        "updated_at"
                      ],
                      "type": "object"
                    },
                    "id": {
                      "type": "integer"
                    },
                    "login": {
                      "type": "string"
                    },
                    "profile_url": {
                      "type": "string"
                    }
                  },
                  "required": [
                    "login"
                  ],
                  "type": "object"
                },
                "deleted_at": {
                  "format": "date-time",
                  "type": "string"
                },
                "deleted_by": {
                  "additionalProperties": false,
                  "properties": {
                    "avatar_url": {
                      "type": "string"
                    },
                    "details": {
                      "additionalProperties": false,
                      "properties": {
                        "bio": {
                          "type": "string"
                        },
                        "blog": {
                          "type": "string"
                        },
                        "company": {
                          "type": "string"
                        },
                        "created_at": {
                          "type": "string"
                        },
                        "email": {
                          "type": "string"
                        },
                        "followers": {
                          "type": "integer"
                        },
                        "following": {
                          "type": "integer"
                        },
                        "hireable": {
                          "type": "boolean"
                        },
                        "location": {
                          "type": "string"
                        },
                        "name": {
                          "type": "string"
                        },
                        "owned_private_repos": {
                          "type": "integer"
                        },
                        "private_gists": {
                          "type": "integer"
                        },
                        "public_gists": {
                          "type": "integer"
                        },
                        "public_repos": {
                          "type": "integer"
                        },
                        "total_private_repos": {
                          "type": "integer"
                        },
                        "twitter_username": {
                          "type": "string"
                        },
                        "updated_at": {
                          "type": "string"
                        }
                      },
                      "required": [
                        "public_repos",
                        "public_gists",
                        "followers",
                        "following",
                        "created_at",
                        "updated_at"
                      ],
                      "type": "object"
                    },
                    "id": {
                      "type": "integer"
                    },
                    "login": {
                      "type": "string"
                    },
                    "profile_url": {
                      "type": "string"
                    }
                  },
                  "required": [
                    "login"
                  ],
                  "type": "object"
                },
                "description": {
                  "type": "string"
                },
                "id": {
                  "type": "integer"
                },
                "node_id": {
                  "type": "string"
                },
                "number": {
                  "type": "integer"
                },
                "owner": {
                  "additionalProperties": false,
                  "properties": {
                    "avatar_url": {
                      "type": "string"
                    },
                    "details": {
                      "additionalProperties": false,
                      "properties": {
                        "bio": {
                          "type": "string"
                        },
                        "blog": {
                          "type": "string"
                        },
                        "company": {
                          "type": "string"
                        },
                        "created_at": {
                          "type": "string"
                        },
                        "email": {
                          "type": "string"
                        },
                        "followers": {
                          "type": "integer"
                        },
                        "following": {
                          "type": "integer"
                        },
                        "hireable": {
                          "type": "boolean"
                        },
                        "location": {
                          "type": "string"
                        },
                        "name": {
                          "type": "string"
                        },
                        "owned_private_repos": {
                          "type": "integer"
                        },
                        "private_gists": {
                          "type": "integer"
                        },
                        "public_gists": {
                          "type": "integer"
                        },
                        "public_repos": {
                          "type": "integer"
                        },
                        "total_private_repos": {
                          "type": "integer"
                        },
                        "twitter_username": {
                          "type": "string"
                        },
                        "updated_at": {
                          "type": "string"
                        }
                      },
                      "required": [
                        "public_repos",
                        "public_gists",
                        "followers",
                        "following",
                        "created_at",
                        "updated_at"
                      ],
                      "type": "object"
                    },
                    "id": {
                      "type": "integer"
                    },
                    "login": {
                      "type": "string"
                    },
                    "profile_url": {
                      "type": "string"
                    }
                  },
                  "required": [
                    "login"
                  ],
                  "type": "object"
                },
                "owner_type": {
                  "type": "string"
                },
                "public": {
                  "type": "boolean"
                },
                "short_description": {
                  "type": "string"
                },
                "title": {
                  "type": "string"
                },
                "updated_at": {
                  "format": "date-time",
                  "type": "string"
                }
              },
              "type": "object"
            },
            "type": [
              "null",
              "array"
            ]
          }
        },
        "required": [
          "projects"
        ],
        "type": "object"
      },
      {
        "additionalProperties": false,
        "properties": {
          "fields": {
            "items": {
              "additionalProperties": false,
              "properties": {
                "configuration": {
                  "additionalProperties": false,
                  "properties": {
                    "duration": {
                      "type": "integer"
                    },
                    "iterations": {
                      "items": {
                        "additionalProperties": false,
                        "properties": {
                          "duration": {
                            "type": "integer"
                          },
                          "id": {
                            "type": "string"
                          },
                          "start_date": {
                            "type": "string"
                          },
                          "title": {
                            "additionalProperties": false,
                            "properties": {
                              "html": {
                                "type": "string"
                              },
                              "raw": {
                                "type": "string"
                              }
                            },
                            "type": "object"
                          }
                        },
                        "type": [
                          "null",
                          "object"
                        ]
                      },
                      "type": "array"
                    },
                    "start_day": {
                      "type": "integer"
                    }
                  },
                  "type": "object"
                },
                "created_at": {
                  "format": "date-time",
                  "type": "string"
                },
                "data_type": {
                  "type": "string"
                },
                "id": {
                  "type": "integer"
                },
                "name": {
                  "type": "string"
                },
                "node_id": {
                  "type": "string"
                },
                "options": {
                  "items": {
                    "additionalProperties": false,
                    "properties": {
                      "color": {
                        "type": "string"
                      },
                      "description": {
                        "additionalProperties": false,
                        "properties": {
                          "html": {
                            "type": "string"
                          },
                          "raw": {
                            "type": "string"
                          }
                        },
                        "type": "object"
                      },
                      "id": {
                        "type": "string"
                      },
                      "name": {
                        "additionalProperties": false,
                        "properties": {
                          "html": {
                            "type": "string"
                          },
                          "raw": {
                            "type": "string"
                          }
                        },
                        "type": "object"
                      }
                    },
                    "type": [
                      "null",
                      "object"
                    ]
                  },
                  "type": "array"
                },
                "project_url": {
                  "type": "string"
                },
                "updated_at": {
                  "format": "date-time",
                  "type": "string"
                }
              },
              "type": [
                "null",
                "object"
              ]
            },
            "type": [
              "null",
              "array"
            ]
          },
          "pageInfo": {
            "additionalProperties": false,
            "properties": {
              "hasNextPage": {
                "type": "boolean"
              },
              "hasPreviousPage": {
                "type": "boolean"
              },
              "nextCursor": {
                "type": "string"
              },
              "prevCursor": {
                "type": "string"
              }
            },
            "required": [
              "hasNextPage",
              "hasPreviousPage"
            ],
            "type": "object"
          }
        },
        "required": [
          "fields",
          "pageInfo"
        ],
        "type": "object"
      },
      {
        "additionalProperties": false,
        "properties": {
          "items": {
            "items": {
              "additionalProperties": false,
              "properties": {
                "archived_at": {
                  "type": "string"
                },
                "content": {
                  "additionalProperties": false,
                  "properties": {
                    "assignees": {
                      "items": {
                        "type": "string"
                      },
                      "type": "array"
                    },
                    "author": {
                      "type": "string"
                    },
                    "closed_at": {
                      "type": "string"
                    },
                    "comments": {
                      "type": "integer"
                    },
                    "created_at": {
                      "type": "string"
                    },
                    "draft": {
                      "type": "boolean"
                    },
                    "html_url": {
                      "type": "string"
                    },
                    "id": {
                      "type": "integer"
                    },
                    "labels": {
                      "items": {
                        "type": "string"
                      },
                      "type": "array"
                    },
                    "merged": {
                      "type": "boolean"
                    },
                    "merged_at": {
                      "type": "string"
                    },
                    "milestone": {
                      "type": "string"
                    },
                    "node_id": {
                      "type": "string"
                    },
                    "number": {
                      "type": "integer"
                    },
                    "repository": {
                      "type": "string"
                    },
                    "state": {
                      "type": "string"
                    },
                    "state_reason": {
                      "type": "string"
                    },
                    "title": {
                      "type": "string"
                    },
                    "updated_at": {
                      "type": "string"
                    }
                  },
                  "type": "object"
                },
                "content_type": {
                  "type": "string"
                },
                "created_at": {
                  "type": "string"
                },
                "creator": {
                  "type": "string"
                },
                "fields": {
                  "items": {
                    "additionalProperties": false,
                    "properties": {
                      "data_type": {
                        "type": "string"
                      },
                      "id": {
                        "type": "integer"
                      },
                      "name": {
                        "type": "string"
                      },
                      "value": {
                        "description": "Recursively compacted JSON field value; unknown field types retain arbitrary object keys."
                      }
                    },
                    "type": "object"
                  },
                  "type": "array"
                },
                "id": {
                  "type": "integer"
                },
                "node_id": {
                  "type": "string"
                },
                "updated_at": {
                  "type": "string"
                }
              },
              "required": [
                "id"
              ],
              "type": "object"
            },
            "type": [
              "null",
              "array"
            ]
          },
          "pageInfo": {
            "additionalProperties": false,
            "properties": {
              "hasNextPage": {
                "type": "boolean"
              },
              "hasPreviousPage": {
                "type": "boolean"
              },
              "nextCursor": {
                "type": "string"
              },
              "prevCursor": {
                "type": "string"
              }
            },
            "required": [
              "hasNextPage",
              "hasPreviousPage"
            ],
            "type": "object"
          }
        },
        "required": [
          "items",
          "pageInfo"
        ],
        "type": "object"
      },
      {
        "additionalProperties": false,
        "properties": {
          "pageInfo": {
            "additionalProperties": false,
            "properties": {
              "hasNextPage": {
                "type": "boolean"
              },
              "hasPreviousPage": {
                "type": "boolean"
              },
              "nextCursor": {
                "type": "string"
              },
              "prevCursor": {
                "type": "string"
              }
            },
            "required": [
              "hasNextPage",
              "hasPreviousPage",
              "nextCursor",
              "prevCursor"
            ],
            "type": "object"
          },
          "statusUpdates": {
            "items": {
              "additionalProperties": false,
              "properties": {
                "body": {
                  "type": "string"
                },
                "created_at": {
                  "type": "string"
                },
                "creator": {
                  "additionalProperties": false,
                  "properties": {
                    "avatar_url": {
                      "type": "string"
                    },
                    "details": {
                      "additionalProperties": false,
                      "properties": {
                        "bio": {
                          "type": "string"
                        },
                        "blog": {
                          "type": "string"
                        },
                        "company": {
                          "type": "string"
                        },
                        "created_at": {
                          "type": "string"
                        },
                        "email": {
                          "type": "string"
                        },
                        "followers": {
                          "type": "integer"
                        },
                        "following": {
                          "type": "integer"
                        },
                        "hireable": {
                          "type": "boolean"
                        },
                        "location": {
                          "type": "string"
                        },
                        "name": {
                          "type": "string"
                        },
                        "owned_private_repos": {
                          "type": "integer"
                        },
                        "private_gists": {
                          "type": "integer"
                        },
                        "public_gists": {
                          "type": "integer"
                        },
                        "public_repos": {
                          "type": "integer"
                        },
                        "total_private_repos": {
                          "type": "integer"
                        },
                        "twitter_username": {
                          "type": "string"
                        },
                        "updated_at": {
                          "type": "string"
                        }
                      },
                      "required": [
                        "public_repos",
                        "public_gists",
                        "followers",
                        "following",
                        "created_at",
                        "updated_at"
                      ],
                      "type": "object"
                    },
                    "id": {
                      "type": "integer"
                    },
                    "login": {
                      "type": "string"
                    },
                    "profile_url": {
                      "type": "string"
                    }
                  },
                  "required": [
                    "login"
                  ],
                  "type": "object"
                },
                "id": {
                  "type": "string"
                },
                "start_date": {
                  "type": "string"
                },
                "status": {
                  "type": "string"
                },
                "target_date": {
                  "type": "string"
                }
              },
              "required": [
                "id"
              ],
              "type": "object"
            },
            "type": [
              "null",
              "array"
            ]
          }
        },
        "required": [
          "statusUpdates",
          "pageInfo"
        ],
        "type": "object"
      },
      {
        "additionalProperties": false,
        "properties": {
          "pageInfo": {
            "additionalProperties": false,
            "properties": {
              "hasNextPage": {
                "type": "boolean"
              },
              "hasPreviousPage": {
                "type": "boolean"
              },
              "nextCursor": {
                "type": "string"
              },
              "prevCursor": {
                "type": "string"
              }
            },
            "required": [
              "hasNextPage",
              "hasPreviousPage",
              "nextCursor",
              "prevCursor"
            ],
            "type": "object"
          },
          "views": {
            "items": {
              "additionalProperties": false,
              "properties": {
                "filter": {
                  "type": "string"
                },
                "id": {
                  "type": "string"
                },
                "layout": {
                  "type": "string"
                },
                "name": {
                  "type": "string"
                },
                "number": {
                  "type": "integer"
                },
                "visible_fields": {
                  "items": {
                    "type": "integer"
                  },
                  "type": "array"
                }
              },
              "required": [
                "id",
                "number",
                "name",
                "layout",
                "filter",
                "visible_fields"
              ],
              "type": "object"
            },
            "type": [
              "null",
              "array"
            ]
          }
        },
        "required": [
          "views",
          "pageInfo"
        ],
        "type": "object"
      }
    ]
  }
}