{
  "annotations": {
    "idempotentHint": false,
    "readOnlyHint": true,
    "title": "Get details of GitHub Projects resources"
  },
  "description": "Get details about specific GitHub Projects resources.\nUse this tool to get details about individual projects, project fields, project items, and project views by their unique IDs.\n",
  "icons": [
    {
      "mimeType": "image/png",
      "src": "data:image/png;base64,iVBORw0KGgoAAAANSUhEUgAAABgAAAAYCAYAAADgdz34AAAABmJLR0QA/wD/AP+gvaeTAAABB0lEQVRIid2VMW7CQBBF/1iuUe7AIrwIbFcU6VJwh3CBNLQ+AH1qaDgAR6DMFcCWsKM4hzANnX8aLJmQRaAFAfnV7nzpP2lmVgs8uqQ6NL3wTYTvABqWmRtSou9sOdsDKB0UADIAH5aAFwDtPF09AYBbMxoQWeTr5dgmXXXCMch+dXdswk6REdDy/KHSQVyvKR1OlfYn+7UgaWr/1ZTjmgw6Thtk71dV18ZWqSvieKac27XoYQDGGfwtrq8KyNN4dC7gdjOQsvwUSGzyT5WxRV9ZPAcwtwVcokUJWWYm88wtOlServxj/v96aBuQA6WDrVUiOQBQHABIiXZf5rMVACgARpYZd6Qfp6RDgj1llLkAAAAASUVORK5CYII=",
      "theme": "light"
    },
    {
      "mimeType": "image/png",
      "src": "data:image/png;base64,iVBORw0KGgoAAAANSUhEUgAAABgAAAAYCAYAAADgdz34AAAABmJLR0QA/wD/AP+gvaeTAAAAzklEQVRIid2VuQ3CQBBF/yAKoAuDxFEDgXuAHJPQhJuAFiiDHmwJQRc2CeEjQJbQ+kDWYhn42c6s/pvd2UP6GwFbIMdfORAVvvYCyCVdJJ08a11KCsxs5K4AIPY0FxADFOOBr+E71QKANZA4sQOwd2IpsKrzGTbAA0kzJzapmDeVNK4z6W+LfgbQ1IMqnTsFmNmuLaDXHlwlJQ15P4CZHc1s0RmghVI9H8lKtT1FJZnZvCn/XxftJikE7p6eoaS8FAUiIPvAl5kBG88iv0gPgTHUJC6qAYQAAAAASUVORK5CYII=",
      "theme": "dark"
    }
  ],
  "inputSchema": {
    "properties": {
      "field_id": {
        "anyOf": [
          {
            "description": "The field's ID. Required for 'get_project_field' method.",
            "type": "number"
          },
          {
            "description": "Other JSON values are handled by the method-specific validator, preserving its errors and validation order."
          }
        ],
        "description": "The field's ID. Required for 'get_project_field' method. Validated by the selected method; otherwise ignored."
      },
      "field_names": {
        "anyOf": [
          {
            "description": "Specific list of field names to include in the response when getting a project item (e.g. [\"Status\", \"Priority\"]). Resolved server-side to field IDs — pass this instead of 'fields' when you only know the human-readable names. Mutually exclusive with 'fields' — provide one, not both. Only used for 'get_project_item' method.",
            "items": {
              "type": "string"
            },
            "type": "array"
          },
          {
            "description": "Other JSON values are handled by the method-specific validator, preserving its errors and validation order."
          }
        ],
        "description": "Specific list of field names to include in the response when getting a project item (e.g. [\"Status\", \"Priority\"]). Resolved server-side to field IDs — pass this instead of 'fields' when you only know the human-readable names. Mutually exclusive with 'fields' — provide one, not both. Only used for 'get_project_item' method. Validated by the selected method; otherwise ignored."
      },
      "fields": {
        "anyOf": [
          {
            "description": "Specific list of field IDs to include in the response when getting a project item (e.g. [\"102589\", \"985201\", \"169875\"]). If neither 'fields' nor 'field_names' is provided, only the title field is included. Mutually exclusive with 'field_names' — provide one, not both. Only used for 'get_project_item' method.",
            "items": {
              "type": "string"
            },
            "type": "array"
          },
          {
            "description": "Other JSON values are handled by the method-specific validator, preserving its errors and validation order."
          }
        ],
        "description": "Specific list of field IDs to include in the response when getting a project item (e.g. [\"102589\", \"985201\", \"169875\"]). If neither 'fields' nor 'field_names' is provided, only the title field is included. Mutually exclusive with 'field_names' — provide one, not both. Only used for 'get_project_item' method. Validated by the selected method; otherwise ignored."
      },
      "item_id": {
        "anyOf": [
          {
            "description": "The item's ID. Required for 'get_project_item' method.",
            "type": "number"
          },
          {
            "description": "Other JSON values are handled by the method-specific validator, preserving its errors and validation order."
          }
        ],
        "description": "The item's ID. Required for 'get_project_item' method. Validated by the selected method; otherwise ignored."
      },
      "method": {
        "anyOf": [
          {
            "description": "The method to execute",
            "enum": [
              "get_project",
              "get_project_field",
              "get_project_item",
              "get_project_status_update",
              "get_project_view"
            ],
            "type": "string"
          },
          {
            "description": "Other JSON values are handled by the method-specific validator, preserving its errors and validation order."
          }
        ],
        "description": "The method to execute Validated by the selected method; otherwise ignored."
      },
      "owner": {
        "description": "The owner (user or organization login). The name is not case sensitive.",
        "type": "string",
        "x-mcp-header": "owner"
      },
      "owner_type": {
        "anyOf": [
          {
            "description": "Owner type (user or org). If not provided, will be automatically detected.",
            "enum": [
              "user",
              "org"
            ],
            "type": "string"
          },
          {
            "description": "Other JSON values are handled by the method-specific validator, preserving its errors and validation order."
          }
        ],
        "description": "Owner type (user or org). If not provided, will be automatically detected. Validated by the selected method; otherwise ignored."
      },
      "project_number": {
        "anyOf": [
          {
            "description": "The project's number.",
            "type": "number"
          },
          {
            "description": "Other JSON values are handled by the method-specific validator, preserving its errors and validation order."
          }
        ],
        "description": "The project's number. Validated by the selected method; otherwise ignored."
      },
      "status_update_id": {
        "anyOf": [
          {
            "description": "The node ID of the project status update. Required for 'get_project_status_update' method.",
            "type": "string"
          },
          {
            "description": "Other JSON values are handled by the method-specific validator, preserving its errors and validation order."
          }
        ],
        "description": "The node ID of the project status update. Required for 'get_project_status_update' method. Validated by the selected method; otherwise ignored."
      },
      "view_id": {
        "anyOf": [
          {
            "description": "The node ID of the project view. Required for 'get_project_view' method.",
            "type": "string"
          },
          {
            "description": "Other JSON values are handled by the method-specific validator, preserving its errors and validation order."
          }
        ],
        "description": "The node ID of the project view. Required for 'get_project_view' method. Validated by the selected method; otherwise ignored."
      }
    },
    "type": "object"
  },
  "name": "projects_get",
  "outputSchema": {
    "anyOf": [
      {
        "type": "null"
      },
      {
        "additionalProperties": false,
        "properties": {
          "closed_at": {
            "format": "date-time",
            "type": "string"
          },
          "created_at": {
            "format": "date-time",
            "type": "string"
          },
          "creator": {
            "additionalProperties": false,
            "properties": {
              "avatar_url": {
                "type": "string"
              },
              "details": {
                "additionalProperties": false,
                "properties": {
                  "bio": {
                    "type": "string"
                  },
                  "blog": {
                    "type": "string"
                  },
                  "company": {
                    "type": "string"
                  },
                  "created_at": {
                    "type": "string"
                  },
                  "email": {
                    "type": "string"
                  },
                  "followers": {
                    "type": "integer"
                  },
                  "following": {
                    "type": "integer"
                  },
                  "hireable": {
                    "type": "boolean"
                  },
                  "location": {
                    "type": "string"
                  },
                  "name": {
                    "type": "string"
                  },
                  "owned_private_repos": {
                    "type": "integer"
                  },
                  "private_gists": {
                    "type": "integer"
                  },
                  "public_gists": {
                    "type": "integer"
                  },
                  "public_repos": {
                    "type": "integer"
                  },
                  "total_private_repos": {
                    "type": "integer"
                  },
                  "twitter_username": {
                    "type": "string"
                  },
                  "updated_at": {
                    "type": "string"
                  }
                },
                "required": [
                  "public_repos",
                  "public_gists",
                  "followers",
                  "following",
                  "created_at",
                  "updated_at"
                ],
                "type": "object"
              },
              "id": {
                "type": "integer"
              },
              "login": {
                "type": "string"
              },
              "profile_url": {
                "type": "string"
              }
            },
            "required": [
              "login"
            ],
            "type": "object"
          },
          "deleted_at": {
            "format": "date-time",
            "type": "string"
          },
          "deleted_by": {
            "additionalProperties": false,
            "properties": {
              "avatar_url": {
                "type": "string"
              },
              "details": {
                "additionalProperties": false,
                "properties": {
                  "bio": {
                    "type": "string"
                  },
                  "blog": {
                    "type": "string"
                  },
                  "company": {
                    "type": "string"
                  },
                  "created_at": {
                    "type": "string"
                  },
                  "email": {
                    "type": "string"
                  },
                  "followers": {
                    "type": "integer"
                  },
                  "following": {
                    "type": "integer"
                  },
                  "hireable": {
                    "type": "boolean"
                  },
                  "location": {
                    "type": "string"
                  },
                  "name": {
                    "type": "string"
                  },
                  "owned_private_repos": {
                    "type": "integer"
                  },
                  "private_gists": {
                    "type": "integer"
                  },
                  "public_gists": {
                    "type": "integer"
                  },
                  "public_repos": {
                    "type": "integer"
                  },
                  "total_private_repos": {
                    "type": "integer"
                  },
                  "twitter_username": {
                    "type": "string"
                  },
                  "updated_at": {
                    "type": "string"
                  }
                },
                "required": [
                  "public_repos",
                  "public_gists",
                  "followers",
                  "following",
                  "created_at",
                  "updated_at"
                ],
                "type": "object"
              },
              "id": {
                "type": "integer"
              },
              "login": {
                "type": "string"
              },
              "profile_url": {
                "type": "string"
              }
            },
            "required": [
              "login"
            ],
            "type": "object"
          },
          "description": {
            "type": "string"
          },
          "id": {
            "type": "integer"
          },
          "node_id": {
            "type": "string"
          },
          "number": {
            "type": "integer"
          },
          "owner": {
            "additionalProperties": false,
            "properties": {
              "avatar_url": {
                "type": "string"
              },
              "details": {
                "additionalProperties": false,
                "properties": {
                  "bio": {
                    "type": "string"
                  },
                  "blog": {
                    "type": "string"
                  },
                  "company": {
                    "type": "string"
                  },
                  "created_at": {
                    "type": "string"
                  },
                  "email": {
                    "type": "string"
                  },
                  "followers": {
                    "type": "integer"
                  },
                  "following": {
                    "type": "integer"
                  },
                  "hireable": {
                    "type": "boolean"
                  },
                  "location": {
                    "type": "string"
                  },
                  "name": {
                    "type": "string"
                  },
                  "owned_private_repos": {
                    "type": "integer"
                  },
                  "private_gists": {
                    "type": "integer"
                  },
                  "public_gists": {
                    "type": "integer"
                  },
                  "public_repos": {
                    "type": "integer"
                  },
                  "total_private_repos": {
                    "type": "integer"
                  },
                  "twitter_username": {
                    "type": "string"
                  },
                  "updated_at": {
                    "type": "string"
                  }
                },
                "required": [
                  "public_repos",
                  "public_gists",
                  "followers",
                  "following",
                  "created_at",
                  "updated_at"
                ],
                "type": "object"
              },
              "id": {
                "type": "integer"
              },
              "login": {
                "type": "string"
              },
              "profile_url": {
                "type": "string"
              }
            },
            "required": [
              "login"
            ],
            "type": "object"
          },
          "owner_type": {
            "type": "string"
          },
          "public": {
            "type": "boolean"
          },
          "short_description": {
            "type": "string"
          },
          "title": {
            "type": "string"
          },
          "updated_at": {
            "format": "date-time",
            "type": "string"
          }
        },
        "type": "object"
      },
      {
        "additionalProperties": false,
        "properties": {
          "configuration": {
            "additionalProperties": false,
            "properties": {
              "duration": {
                "type": "integer"
              },
              "iterations": {
                "items": {
                  "additionalProperties": false,
                  "properties": {
                    "duration": {
                      "type": "integer"
                    },
                    "id": {
                      "type": "string"
                    },
                    "start_date": {
                      "type": "string"
                    },
                    "title": {
                      "additionalProperties": false,
                      "properties": {
                        "html": {
                          "type": "string"
                        },
                        "raw": {
                          "type": "string"
                        }
                      },
                      "type": "object"
                    }
                  },
                  "type": [
                    "null",
                    "object"
                  ]
                },
                "type": "array"
              },
              "start_day": {
                "type": "integer"
              }
            },
            "type": "object"
          },
          "created_at": {
            "format": "date-time",
            "type": "string"
          },
          "data_type": {
            "type": "string"
          },
          "id": {
            "type": "integer"
          },
          "name": {
            "type": "string"
          },
          "node_id": {
            "type": "string"
          },
          "options": {
            "items": {
              "additionalProperties": false,
              "properties": {
                "color": {
                  "type": "string"
                },
                "description": {
                  "additionalProperties": false,
                  "properties": {
                    "html": {
                      "type": "string"
                    },
                    "raw": {
                      "type": "string"
                    }
                  },
                  "type": "object"
                },
                "id": {
                  "type": "string"
                },
                "name": {
                  "additionalProperties": false,
                  "properties": {
                    "html": {
                      "type": "string"
                    },
                    "raw": {
                      "type": "string"
                    }
                  },
                  "type": "object"
                }
              },
              "type": [
                "null",
                "object"
              ]
            },
            "type": "array"
          },
          "project_url": {
            "type": "string"
          },
          "updated_at": {
            "format": "date-time",
            "type": "string"
          }
        },
        "type": "object"
      },
      {
        "additionalProperties": false,
        "properties": {
          "archived_at": {
            "type": "string"
          },
          "content": {
            "additionalProperties": false,
            "properties": {
              "assignees": {
                "items": {
                  "type": "string"
                },
                "type": "array"
              },
              "author": {
                "type": "string"
              },
              "closed_at": {
                "type": "string"
              },
              "comments": {
                "type": "integer"
              },
              "created_at": {
                "type": "string"
              },
              "draft": {
                "type": "boolean"
              },
              "html_url": {
                "type": "string"
              },
              "id": {
                "type": "integer"
              },
              "labels": {
                "items": {
                  "type": "string"
                },
                "type": "array"
              },
              "merged": {
                "type": "boolean"
              },
              "merged_at": {
                "type": "string"
              },
              "milestone": {
                "type": "string"
              },
              "node_id": {
                "type": "string"
              },
              "number": {
                "type": "integer"
              },
              "repository": {
                "type": "string"
              },
              "state": {
                "type": "string"
              },
              "state_reason": {
                "type": "string"
              },
              "title": {
                "type": "string"
              },
              "updated_at": {
                "type": "string"
              }
            },
            "type": "object"
          },
          "content_type": {
            "type": "string"
          },
          "created_at": {
            "type": "string"
          },
          "creator": {
            "type": "string"
          },
          "fields": {
            "items": {
              "additionalProperties": false,
              "properties": {
                "data_type": {
                  "type": "string"
                },
                "id": {
                  "type": "integer"
                },
                "name": {
                  "type": "string"
                },
                "value": {
                  "description": "Recursively compacted JSON field value; unknown field types retain arbitrary object keys."
                }
              },
              "type": "object"
            },
            "type": "array"
          },
          "id": {
            "type": "integer"
          },
          "node_id": {
            "type": "string"
          },
          "updated_at": {
            "type": "string"
          }
        },
        "required": [
          "id"
        ],
        "type": "object"
      },
      {
        "additionalProperties": false,
        "properties": {
          "body": {
            "type": "string"
          },
          "created_at": {
            "type": "string"
          },
          "creator": {
            "additionalProperties": false,
            "properties": {
              "avatar_url": {
                "type": "string"
              },
              "details": {
                "additionalProperties": false,
                "properties": {
                  "bio": {
                    "type": "string"
                  },
                  "blog": {
                    "type": "string"
                  },
                  "company": {
                    "type": "string"
                  },
                  "created_at": {
                    "type": "string"
                  },
                  "email": {
                    "type": "string"
                  },
                  "followers": {
                    "type": "integer"
                  },
                  "following": {
                    "type": "integer"
                  },
                  "hireable": {
                    "type": "boolean"
                  },
                  "location": {
                    "type": "string"
                  },
                  "name": {
                    "type": "string"
                  },
                  "owned_private_repos": {
                    "type": "integer"
                  },
                  "private_gists": {
                    "type": "integer"
                  },
                  "public_gists": {
                    "type": "integer"
                  },
                  "public_repos": {
                    "type": "integer"
                  },
                  "total_private_repos": {
                    "type": "integer"
                  },
                  "twitter_username": {
                    "type": "string"
                  },
                  "updated_at": {
                    "type": "string"
                  }
                },
                "required": [
                  "public_repos",
                  "public_gists",
                  "followers",
                  "following",
                  "created_at",
                  "updated_at"
                ],
                "type": "object"
              },
              "id": {
                "type": "integer"
              },
              "login": {
                "type": "string"
              },
              "profile_url": {
                "type": "string"
              }
            },
            "required": [
              "login"
            ],
            "type": "object"
          },
          "id": {
            "type": "string"
          },
          "start_date": {
            "type": "string"
          },
          "status": {
            "type": "string"
          },
          "target_date": {
            "type": "string"
          }
        },
        "required": [
          "id"
        ],
        "type": "object"
      },
      {
        "additionalProperties": false,
        "properties": {
          "filter": {
            "type": "string"
          },
          "id": {
            "type": "string"
          },
          "layout": {
            "type": "string"
          },
          "name": {
            "type": "string"
          },
          "number": {
            "type": "integer"
          },
          "visible_fields": {
            "items": {
              "type": "integer"
            },
            "type": "array"
          }
        },
        "required": [
          "id",
          "number",
          "name",
          "layout",
          "filter",
          "visible_fields"
        ],
        "type": "object"
      }
    ]
  }
}