{
  "annotations": {
    "destructiveHint": true,
    "idempotentHint": false,
    "openWorldHint": true,
    "readOnlyHint": false,
    "title": "Manage pull request stack"
  },
  "description": "Create, extend, or unstack a native GitHub pull request stack. `create` accepts 2-100 pullNumbers ordered bottom-to-top. `add` accepts 1-100 pullNumbers to append above the current top. `unstack` removes every removable unmerged pull request and may leave locked or queued pull requests in the stack. All pull requests must belong to the target repository, use branches in that repository, and form a linear base/head chain. These operations manage stack metadata only; they do not create pull requests, retarget bases, rebase commits, push branches, or merge.",
  "inputSchema": {
    "properties": {
      "method": {
        "description": "The write operation: `create`, `add`, or `unstack`.",
        "enum": [
          "create",
          "add",
          "unstack"
        ],
        "type": "string"
      },
      "owner": {
        "description": "Repository owner",
        "type": "string"
      },
      "pullNumbers": {
        "description": "Repository pull request numbers in bottom-to-top order. Required for `create` and `add`.",
        "items": {
          "minimum": 1,
          "type": "number"
        },
        "maxItems": 100,
        "minItems": 1,
        "type": "array"
      },
      "repo": {
        "description": "Repository name",
        "type": "string"
      },
      "stackNumber": {
        "description": "Stack number. Required for `add` and `unstack`.",
        "minimum": 1,
        "type": "number"
      }
    },
    "required": [
      "method",
      "owner",
      "repo"
    ],
    "type": "object"
  },
  "name": "pull_request_stack_write"
}