{
  "annotations": {
    "destructiveHint": true,
    "idempotentHint": false,
    "openWorldHint": true,
    "readOnlyHint": false,
    "title": "Remove Reaction from Pull Request Comment"
  },
  "description": "Remove a reaction from a pull request conversation comment. For review comments on specific lines, use remove_pull_request_review_comment_reaction.",
  "inputSchema": {
    "properties": {
      "comment_id": {
        "description": "The pull request conversation comment ID",
        "minimum": 1,
        "type": "number"
      },
      "owner": {
        "description": "Repository owner (username or organization)",
        "type": "string"
      },
      "reaction_id": {
        "description": "The reaction ID to remove",
        "minimum": 1,
        "type": "number"
      },
      "repo": {
        "description": "Repository name",
        "type": "string"
      }
    },
    "required": [
      "owner",
      "repo",
      "comment_id",
      "reaction_id"
    ],
    "type": "object"
  },
  "name": "remove_pull_request_comment_reaction"
}