{
  "annotations": {
    "title": "Set discussion comment as answer"
  },
  "description": "Marks or unmarks a given discussion comment as the answer to the discussion.",
  "inputSchema": {
    "properties": {
      "commentNodeID": {
        "description": "The Node ID of the discussion comment to mark or unmark as the answer",
        "type": "string"
      },
      "isAnswer": {
        "description": "Whether the comment is the answer to the discussion (true to mark, false to unmark)",
        "type": "boolean"
      }
    },
    "required": [
      "commentNodeID",
      "isAnswer"
    ],
    "type": "object"
  },
  "name": "set_discussion_comment_answer"
}