{
  "annotations": {
    "title": "Star repository"
  },
  "description": "Star a GitHub repository",
  "inputSchema": {
    "type": "object",
    "required": [
      "owner",
      "repo"
    ],
    "properties": {
      "owner": {
        "type": "string",
        "description": "Repository owner"
      },
      "repo": {
        "type": "string",
        "description": "Repository name"
      }
    }
  },
  "name": "star_repository",
  "icons": [
    {
      "src": "data:image/png;base64,iVBORw0KGgoAAAANSUhEUgAAABAAAAAQCAYAAAAf8/9hAAAABmJLR0QA/wD/AP+gvaeTAAAAzUlEQVQ4ja3PT0pCURTH8Q8qjhyHZqCQ8IgMaSSUOWkhbsGxy9AVNGwpzXIuEW7AUZYQ1sAbXMSu70U/OHD+fs85ZWmN0cfTkb6DOsMHNmj9BTDDV7Bp0eE61hHgHc1DjeXIP8E17jHBRVSrhLiKmt1rbz/FIVbRtry2wl0Jy3BuUa3DLGjjpcD2JTr7xBYWOYZfcf7bWbc5AIN4oLQHOE1+vVMjBejmAFzGQSUB+MRD8EdR71WKPscWj8iifBZyWzynADfoJeq90PN/+gYHuUeVIAMmAwAAAABJRU5ErkJggg==",
      "mimeType": "image/png",
      "sizes": [
        "16x16"
      ],
      "theme": "light"
    },
    {
      "src": "data:image/png;base64,iVBORw0KGgoAAAANSUhEUgAAABAAAAAQCAQAAAC1+jfqAAAAIGNIUk0AAHomAACAhAAA+gAAAIDoAAB1MAAA6mAAADqYAAAXcJy6UTwAAAACYktHRAD/h4/MvwAAAAd0SU1FB+kMDxY4Jr01+3kAAADDSURBVCjPfZE9TsNAEEZfLBdwgYg/KZEguACU3gFukTpX4CpAmYrS4jKkDQghlzTuTJBQHoVjxSvH+baY1TdvNTM7PQn0gDwGjs1z5spfB00vBJ5VfeoCjixV/fF068YA9LlkxJRDAA6Y88o7S74B7y3sUuFdRE5Jl0pyxKGfO9/nXtRNDvxopb88b04xaQG3VSbaVDtp1T+uQg1ct4CrKsQB8McLMCMGbsJdLFybmYiYmLn2Lfzq1HGwlbFpdevJfv0Diova5gStEDYAAAAASUVORK5CYII=",
      "mimeType": "image/png",
      "sizes": [
        "16x16"
      ],
      "theme": "dark"
    }
  ]
}