{
  "annotations": {
    "idempotentHint": false,
    "readOnlyHint": false,
    "title": "Change sub-issue"
  },
  "description": "Add a sub-issue to a parent issue in a GitHub repository.",
  "inputSchema": {
    "properties": {
      "after_id": {
        "description": "The ID of the sub-issue to be prioritized after (either after_id OR before_id should be specified)",
        "type": "number"
      },
      "before_id": {
        "description": "The ID of the sub-issue to be prioritized before (either after_id OR before_id should be specified)",
        "type": "number"
      },
      "issue_number": {
        "description": "The number of the parent issue",
        "type": "number"
      },
      "method": {
        "description": "The action to perform on a single sub-issue\nOptions are:\n- 'add' - add a sub-issue to a parent issue in a GitHub repository.\n- 'remove' - remove a sub-issue from a parent issue in a GitHub repository.\n- 'reprioritize' - change the order of sub-issues within a parent issue in a GitHub repository. Use either 'after_id' or 'before_id' to specify the new position.\nWrites issue hierarchy. To move a sub-issue to a new parent, use `add` with `replace_parent=true`; there is no writable parent field.\n",
        "type": "string"
      },
      "owner": {
        "description": "Repository owner",
        "type": "string"
      },
      "replace_parent": {
        "description": "When true, replaces the sub-issue's current parent issue. Use with 'add' method only.",
        "type": "boolean"
      },
      "repo": {
        "description": "Repository name",
        "type": "string"
      },
      "sub_issue_id": {
        "description": "The ID of the sub-issue to add. ID is not the same as issue number",
        "type": "number"
      }
    },
    "required": [
      "method",
      "owner",
      "repo",
      "issue_number",
      "sub_issue_id"
    ],
    "type": "object"
  },
  "name": "sub_issue_write",
  "outputSchema": {
    "additionalProperties": false,
    "properties": {
      "assignees": {
        "items": {
          "type": "string"
        },
        "type": [
          "null",
          "array"
        ]
      },
      "author_association": {
        "type": "string"
      },
      "body": {
        "type": "string"
      },
      "closed_at": {
        "type": "string"
      },
      "closed_by": {
        "type": "string"
      },
      "closed_by_pull_requests": {
        "additionalProperties": false,
        "properties": {
          "references": {
            "items": {
              "additionalProperties": false,
              "properties": {
                "number": {
                  "type": "integer"
                },
                "repository": {
                  "type": "string"
                },
                "state": {
                  "type": "string"
                },
                "title": {
                  "type": "string"
                },
                "url": {
                  "type": "string"
                }
              },
              "required": [
                "number",
                "title",
                "state",
                "url"
              ],
              "type": "object"
            },
            "type": [
              "null",
              "array"
            ]
          },
          "total_count": {
            "type": "integer"
          }
        },
        "required": [
          "total_count",
          "references"
        ],
        "type": [
          "null",
          "object"
        ]
      },
      "comments": {
        "type": "integer"
      },
      "created_at": {
        "type": "string"
      },
      "draft": {
        "type": "boolean"
      },
      "field_values": {
        "items": {
          "additionalProperties": false,
          "properties": {
            "field": {
              "type": "string"
            },
            "value": {
              "type": "string"
            },
            "values": {
              "items": {
                "type": "string"
              },
              "type": [
                "null",
                "array"
              ]
            }
          },
          "required": [
            "field"
          ],
          "type": "object"
        },
        "type": [
          "null",
          "array"
        ]
      },
      "has_children": {
        "type": [
          "null",
          "boolean"
        ]
      },
      "has_parent": {
        "type": [
          "null",
          "boolean"
        ]
      },
      "html_url": {
        "type": "string"
      },
      "issue_field_values": {
        "items": {
          "additionalProperties": false,
          "properties": {
            "data_type": {
              "type": "string"
            },
            "issue_field_id": {
              "type": "integer"
            },
            "node_id": {
              "type": "string"
            },
            "single_select_option": {
              "additionalProperties": false,
              "properties": {
                "color": {
                  "type": "string"
                },
                "id": {
                  "type": "integer"
                },
                "name": {
                  "type": "string"
                }
              },
              "required": [
                "id",
                "name",
                "color"
              ],
              "type": [
                "null",
                "object"
              ]
            },
            "value": true
          },
          "type": "object"
        },
        "type": [
          "null",
          "array"
        ]
      },
      "issue_type": {
        "type": "string"
      },
      "labels": {
        "items": {
          "type": "string"
        },
        "type": [
          "null",
          "array"
        ]
      },
      "locked": {
        "type": "boolean"
      },
      "milestone": {
        "type": "string"
      },
      "number": {
        "type": "integer"
      },
      "parent": {
        "additionalProperties": false,
        "properties": {
          "number": {
            "type": "integer"
          },
          "repository": {
            "type": "string"
          },
          "state": {
            "type": "string"
          },
          "title": {
            "type": "string"
          },
          "url": {
            "type": "string"
          }
        },
        "required": [
          "number",
          "title",
          "state",
          "url"
        ],
        "type": [
          "null",
          "object"
        ]
      },
      "reactions": {
        "additionalProperties": false,
        "properties": {
          "+1": {
            "type": "integer"
          },
          "-1": {
            "type": "integer"
          },
          "confused": {
            "type": "integer"
          },
          "eyes": {
            "type": "integer"
          },
          "heart": {
            "type": "integer"
          },
          "hooray": {
            "type": "integer"
          },
          "laugh": {
            "type": "integer"
          },
          "rocket": {
            "type": "integer"
          },
          "total_count": {
            "type": "integer"
          }
        },
        "required": [
          "total_count",
          "+1",
          "-1",
          "laugh",
          "confused",
          "heart",
          "hooray",
          "rocket",
          "eyes"
        ],
        "type": [
          "null",
          "object"
        ]
      },
      "state": {
        "type": "string"
      },
      "state_reason": {
        "type": "string"
      },
      "sub_issues_summary": {
        "additionalProperties": false,
        "properties": {
          "completed": {
            "type": "integer"
          },
          "percent_completed": {
            "type": "integer"
          },
          "total": {
            "type": "integer"
          }
        },
        "required": [
          "total",
          "completed",
          "percent_completed"
        ],
        "type": [
          "null",
          "object"
        ]
      },
      "title": {
        "type": "string"
      },
      "updated_at": {
        "type": "string"
      },
      "user": {
        "additionalProperties": false,
        "properties": {
          "avatar_url": {
            "type": "string"
          },
          "details": {
            "additionalProperties": false,
            "properties": {
              "bio": {
                "type": "string"
              },
              "blog": {
                "type": "string"
              },
              "company": {
                "type": "string"
              },
              "created_at": {
                "type": "string"
              },
              "email": {
                "type": "string"
              },
              "followers": {
                "type": "integer"
              },
              "following": {
                "type": "integer"
              },
              "hireable": {
                "type": "boolean"
              },
              "location": {
                "type": "string"
              },
              "name": {
                "type": "string"
              },
              "owned_private_repos": {
                "type": "integer"
              },
              "private_gists": {
                "type": "integer"
              },
              "public_gists": {
                "type": "integer"
              },
              "public_repos": {
                "type": "integer"
              },
              "total_private_repos": {
                "type": "integer"
              },
              "twitter_username": {
                "type": "string"
              },
              "updated_at": {
                "type": "string"
              }
            },
            "required": [
              "public_repos",
              "public_gists",
              "followers",
              "following",
              "created_at",
              "updated_at"
            ],
            "type": [
              "null",
              "object"
            ]
          },
          "id": {
            "type": "integer"
          },
          "login": {
            "type": "string"
          },
          "profile_url": {
            "type": "string"
          }
        },
        "required": [
          "login"
        ],
        "type": [
          "null",
          "object"
        ]
      }
    },
    "required": [
      "number",
      "title",
      "state",
      "assignees"
    ],
    "type": [
      "null",
      "object"
    ]
  }
}