{
  "annotations": {
    "title": "Unstar repository",
    "readOnlyHint": false
  },
  "description": "Unstar a GitHub repository",
  "inputSchema": {
    "type": "object",
    "properties": {
      "owner": {
        "description": "Repository owner",
        "type": "string"
      },
      "repo": {
        "description": "Repository name",
        "type": "string"
      }
    },
    "required": [
      "owner",
      "repo"
    ]
  },
  "name": "unstar_repository"
}