{
  "annotations": {
    "destructiveHint": false,
    "idempotentHint": false,
    "openWorldHint": true,
    "readOnlyHint": false,
    "title": "Update Pull Request Comment"
  },
  "description": "Update the body of an existing pull request conversation comment. This tool cannot update pull request review comments.",
  "inputSchema": {
    "properties": {
      "body": {
        "description": "New comment content",
        "minLength": 1,
        "type": "string"
      },
      "comment_id": {
        "description": "The numeric ID of the pull request conversation comment to update. Do not use a pull request review comment ID.",
        "minimum": 1,
        "type": "integer"
      },
      "owner": {
        "description": "Repository owner (username or organization)",
        "type": "string"
      },
      "repo": {
        "description": "Repository name",
        "type": "string"
      }
    },
    "required": [
      "owner",
      "repo",
      "comment_id",
      "body"
    ],
    "type": "object"
  },
  "name": "update_pull_request_comment"
}