{
  "annotations": {
    "title": "Update project item",
    "readOnlyHint": false
  },
  "description": "Update a specific Project item for a user or org",
  "inputSchema": {
    "properties": {
      "field_id": {
        "description": "The unique identifier of the project field to be updated.",
        "type": "number"
      },
      "field_value": {
        "description": "The new value for the field: For text, number, and date fields, provide the new value directly. For single select and iteration fields, provide the ID of the option or iteration. To clear the field, set this to null. Example: {\"field_value\": \"Done\"}",
        "properties": {},
        "type": "object"
      },
      "item_id": {
        "description": "The unique identifier of the project item. This is not the issue or pull request ID.",
        "type": "number"
      },
      "owner": {
        "description": "If owner_type == user it is the handle for the GitHub user account. If owner_type == org it is the name of the organization. The name is not case sensitive.",
        "type": "string"
      },
      "owner_type": {
        "description": "Owner type",
        "enum": [
          "user",
          "org"
        ],
        "type": "string"
      },
      "project_number": {
        "description": "The project's number.",
        "type": "number"
      }
    },
    "required": [
      "owner_type",
      "owner",
      "project_number",
      "item_id",
      "field_id",
      "field_value"
    ],
    "type": "object"
  },
  "name": "update_project_item"
}