{
  "annotations": {
    "title": "Update discussion comment"
  },
  "description": "Update a comment on a discussion",
  "inputSchema": {
    "properties": {
      "body": {
        "description": "The new contents of the comment",
        "type": "string"
      },
      "commentNodeID": {
        "description": "The Node ID of the discussion comment to update",
        "type": "string"
      }
    },
    "required": [
      "commentNodeID",
      "body"
    ],
    "type": "object"
  },
  "name": "update_discussion_comment"
}