{
  "annotations": {
    "destructiveHint": false,
    "idempotentHint": false,
    "openWorldHint": true,
    "readOnlyHint": false,
    "title": "Update Issue Labels"
  },
  "description": "Manage the labels on an existing issue. Use method 'replace' (default) to set the issue's labels to exactly the provided list, 'add' to add labels without removing existing ones, or 'remove' to remove specific labels without touching the rest. When setting values, include a confidence level (LOW, MEDIUM, or HIGH) reflecting how certain you are about the choice.",
  "inputSchema": {
    "properties": {
      "issue_number": {
        "description": "The issue number to update",
        "minimum": 1,
        "type": "number"
      },
      "labels": {
        "description": "Labels to apply to this issue. For 'remove', only each label's name is used. The 'rationale', 'confidence', and 'is_suggestion' fields are only honored when method is 'replace'.",
        "items": {
          "oneOf": [
            {
              "description": "Label name",
              "type": "string"
            },
            {
              "properties": {
                "confidence": {
                  "description": "How confident you are in this choice. Use 'HIGH' for clear signal or explicit user request, 'MEDIUM' for reasonable inference with some ambiguity, 'LOW' for best guess with limited signal.",
                  "enum": [
                    "LOW",
                    "MEDIUM",
                    "HIGH"
                  ],
                  "type": "string"
                },
                "is_suggestion": {
                  "description": "If true, this label is sent to the API as a suggestion (suggest:true) rather than an applied label. Whether the label is applied or recorded as a proposal is determined by the API.",
                  "type": "boolean"
                },
                "name": {
                  "description": "Label name",
                  "type": "string"
                },
                "rationale": {
                  "description": "One concise sentence explaining what specifically about the issue led you to choose this label. State the concrete signal (e.g. 'Reports a crash when saving' → bug).",
                  "maxLength": 280,
                  "type": "string"
                }
              },
              "required": [
                "name"
              ],
              "type": "object"
            }
          ]
        },
        "type": "array"
      },
      "method": {
        "default": "replace",
        "description": "How to apply the labels: 'replace' (default) sets the issue's labels to exactly the provided list, 'add' adds them while keeping the existing labels, and 'remove' removes the named labels without affecting the others.",
        "enum": [
          "replace",
          "add",
          "remove"
        ],
        "type": "string"
      },
      "owner": {
        "description": "Repository owner (username or organization)",
        "type": "string"
      },
      "repo": {
        "description": "Repository name",
        "type": "string"
      }
    },
    "required": [
      "owner",
      "repo",
      "issue_number",
      "labels"
    ],
    "type": "object"
  },
  "name": "update_issue_labels"
}