{
  "annotations": {
    "readOnlyHint": true,
    "title": "Get details of GitHub Projects resources"
  },
  "description": "Read project #7 owned by octocat: the project itself, one of its fields, or one of its items.",
  "inputSchema": {
    "properties": {
      "field_id": {
        "description": "The field's ID. Required for 'get_project_field' method.",
        "type": "number"
      },
      "fields": {
        "description": "Specific list of field IDs to include in the response when getting a project item (e.g. [\"102589\", \"985201\", \"169875\"]). If not provided, only the title field is included. Only used for 'get_project_item' method.",
        "items": {
          "type": "string"
        },
        "type": "array"
      },
      "item_id": {
        "description": "The item's ID. Required for 'get_project_item' method.",
        "type": "number"
      },
      "method": {
        "description": "The method to execute",
        "enum": [
          "get_project",
          "get_project_field",
          "get_project_item"
        ],
        "type": "string"
      }
    },
    "required": [
      "method"
    ],
    "type": "object"
  },
  "name": "projects_get"
}